running develop
running egg_info
creating sound_play.egg-info
writing sound_play.egg-info/PKG-INFO
writing dependency_links to sound_play.egg-info/dependency_links.txt
writing entry points to sound_play.egg-info/entry_points.txt
writing requirements to sound_play.egg-info/requires.txt
writing top-level names to sound_play.egg-info/top_level.txt
writing manifest file 'sound_play.egg-info/SOURCES.txt'
reading manifest file 'sound_play.egg-info/SOURCES.txt'
writing manifest file 'sound_play.egg-info/SOURCES.txt'
running build_ext
Creating /home/booster/Workspace/Booster_T1_3v3_Demo/install/sound_play/lib/python3.10/site-packages/sound-play.egg-link (link to .)
Installing sound_play_node script to /home/booster/Workspace/Booster_T1_3v3_Demo/install/sound_play/lib/sound_play

Installed /home/booster/Workspace/Booster_T1_3v3_Demo/build/sound_play
running symlink_data
creating /home/booster/Workspace/Booster_T1_3v3_Demo/install/sound_play/share/ament_index
creating /home/booster/Workspace/Booster_T1_3v3_Demo/install/sound_play/share/ament_index/resource_index
creating /home/booster/Workspace/Booster_T1_3v3_Demo/install/sound_play/share/ament_index/resource_index/packages
symbolically linking /home/booster/Workspace/Booster_T1_3v3_Demo/build/sound_play/resource/sound_play -> /home/booster/Workspace/Booster_T1_3v3_Demo/install/sound_play/share/ament_index/resource_index/packages
symbolically linking /home/booster/Workspace/Booster_T1_3v3_Demo/build/sound_play/package.xml -> /home/booster/Workspace/Booster_T1_3v3_Demo/install/sound_play/share/sound_play
creating /home/booster/Workspace/Booster_T1_3v3_Demo/install/sound_play/share/sound_play/sounds
symbolically linking /home/booster/Workspace/Booster_T1_3v3_Demo/build/sound_play/sounds/jianguo-kick.mp3 -> /home/booster/Workspace/Booster_T1_3v3_Demo/install/sound_play/share/sound_play/sounds
symbolically linking /home/booster/Workspace/Booster_T1_3v3_Demo/build/sound_play/sounds/locate_success_left.mp3 -> /home/booster/Workspace/Booster_T1_3v3_Demo/install/sound_play/share/sound_play/sounds
symbolically linking /home/booster/Workspace/Booster_T1_3v3_Demo/build/sound_play/sounds/fbb-kick.mp3 -> /home/booster/Workspace/Booster_T1_3v3_Demo/install/sound_play/share/sound_play/sounds
symbolically linking /home/booster/Workspace/Booster_T1_3v3_Demo/build/sound_play/sounds/r2d2-celebrate.mp3 -> /home/booster/Workspace/Booster_T1_3v3_Demo/install/sound_play/share/sound_play/sounds
symbolically linking /home/booster/Workspace/Booster_T1_3v3_Demo/build/sound_play/sounds/stop.mp3 -> /home/booster/Workspace/Booster_T1_3v3_Demo/install/sound_play/share/sound_play/sounds
symbolically linking /home/booster/Workspace/Booster_T1_3v3_Demo/build/sound_play/sounds/r2d2-regret.mp3 -> /home/booster/Workspace/Booster_T1_3v3_Demo/install/sound_play/share/sound_play/sounds
symbolically linking /home/booster/Workspace/Booster_T1_3v3_Demo/build/sound_play/sounds/tj-ready.mp3 -> /home/booster/Workspace/Booster_T1_3v3_Demo/install/sound_play/share/sound_play/sounds
symbolically linking /home/booster/Workspace/Booster_T1_3v3_Demo/build/sound_play/sounds/tvb-kick.mp3 -> /home/booster/Workspace/Booster_T1_3v3_Demo/install/sound_play/share/sound_play/sounds
symbolically linking /home/booster/Workspace/Booster_T1_3v3_Demo/build/sound_play/sounds/beep-whistle.mp3 -> /home/booster/Workspace/Booster_T1_3v3_Demo/install/sound_play/share/sound_play/sounds
symbolically linking /home/booster/Workspace/Booster_T1_3v3_Demo/build/sound_play/sounds/fbb-taunt.mp3 -> /home/booster/Workspace/Booster_T1_3v3_Demo/install/sound_play/share/sound_play/sounds
symbolically linking /home/booster/Workspace/Booster_T1_3v3_Demo/build/sound_play/sounds/locate_success.mp3 -> /home/booster/Workspace/Booster_T1_3v3_Demo/install/sound_play/share/sound_play/sounds
symbolically linking /home/booster/Workspace/Booster_T1_3v3_Demo/build/sound_play/sounds/talk.mp3 -> /home/booster/Workspace/Booster_T1_3v3_Demo/install/sound_play/share/sound_play/sounds
symbolically linking /home/booster/Workspace/Booster_T1_3v3_Demo/build/sound_play/sounds/tvb-regret.mp3 -> /home/booster/Workspace/Booster_T1_3v3_Demo/install/sound_play/share/sound_play/sounds
symbolically linking /home/booster/Workspace/Booster_T1_3v3_Demo/build/sound_play/sounds/rmm-chase.mp3 -> /home/booster/Workspace/Booster_T1_3v3_Demo/install/sound_play/share/sound_play/sounds
symbolically linking /home/booster/Workspace/Booster_T1_3v3_Demo/build/sound_play/sounds/sad.mp3 -> /home/booster/Workspace/Booster_T1_3v3_Demo/install/sound_play/share/sound_play/sounds
symbolically linking /home/booster/Workspace/Booster_T1_3v3_Demo/build/sound_play/sounds/tvb-ready.mp3 -> /home/booster/Workspace/Booster_T1_3v3_Demo/install/sound_play/share/sound_play/sounds
symbolically linking /home/booster/Workspace/Booster_T1_3v3_Demo/build/sound_play/sounds/tvb-chase.mp3 -> /home/booster/Workspace/Booster_T1_3v3_Demo/install/sound_play/share/sound_play/sounds
symbolically linking /home/booster/Workspace/Booster_T1_3v3_Demo/build/sound_play/sounds/tj-celebrate.mp3 -> /home/booster/Workspace/Booster_T1_3v3_Demo/install/sound_play/share/sound_play/sounds
symbolically linking /home/booster/Workspace/Booster_T1_3v3_Demo/build/sound_play/sounds/start.mp3 -> /home/booster/Workspace/Booster_T1_3v3_Demo/install/sound_play/share/sound_play/sounds
symbolically linking /home/booster/Workspace/Booster_T1_3v3_Demo/build/sound_play/sounds/r2d2-adjust.mp3 -> /home/booster/Workspace/Booster_T1_3v3_Demo/install/sound_play/share/sound_play/sounds
symbolically linking /home/booster/Workspace/Booster_T1_3v3_Demo/build/sound_play/sounds/tvb-adjust.mp3 -> /home/booster/Workspace/Booster_T1_3v3_Demo/install/sound_play/share/sound_play/sounds
symbolically linking /home/booster/Workspace/Booster_T1_3v3_Demo/build/sound_play/sounds/search.mp3 -> /home/booster/Workspace/Booster_T1_3v3_Demo/install/sound_play/share/sound_play/sounds
symbolically linking /home/booster/Workspace/Booster_T1_3v3_Demo/build/sound_play/sounds/rmm-ready.mp3 -> /home/booster/Workspace/Booster_T1_3v3_Demo/install/sound_play/share/sound_play/sounds
symbolically linking /home/booster/Workspace/Booster_T1_3v3_Demo/build/sound_play/sounds/playful.mp3 -> /home/booster/Workspace/Booster_T1_3v3_Demo/install/sound_play/share/sound_play/sounds
symbolically linking /home/booster/Workspace/Booster_T1_3v3_Demo/build/sound_play/sounds/fbb-chase.mp3 -> /home/booster/Workspace/Booster_T1_3v3_Demo/install/sound_play/share/sound_play/sounds
symbolically linking /home/booster/Workspace/Booster_T1_3v3_Demo/build/sound_play/sounds/fbb-ready.mp3 -> /home/booster/Workspace/Booster_T1_3v3_Demo/install/sound_play/share/sound_play/sounds
symbolically linking /home/booster/Workspace/Booster_T1_3v3_Demo/build/sound_play/sounds/jianguo-regret.mp3 -> /home/booster/Workspace/Booster_T1_3v3_Demo/install/sound_play/share/sound_play/sounds
symbolically linking /home/booster/Workspace/Booster_T1_3v3_Demo/build/sound_play/sounds/jianguo-ready.mp3 -> /home/booster/Workspace/Booster_T1_3v3_Demo/install/sound_play/share/sound_play/sounds
symbolically linking /home/booster/Workspace/Booster_T1_3v3_Demo/build/sound_play/sounds/rmm-taunt.mp3 -> /home/booster/Workspace/Booster_T1_3v3_Demo/install/sound_play/share/sound_play/sounds
symbolically linking /home/booster/Workspace/Booster_T1_3v3_Demo/build/sound_play/sounds/locating.mp3 -> /home/booster/Workspace/Booster_T1_3v3_Demo/install/sound_play/share/sound_play/sounds
symbolically linking /home/booster/Workspace/Booster_T1_3v3_Demo/build/sound_play/sounds/rmm-celebrate.mp3 -> /home/booster/Workspace/Booster_T1_3v3_Demo/install/sound_play/share/sound_play/sounds
symbolically linking /home/booster/Workspace/Booster_T1_3v3_Demo/build/sound_play/sounds/alarm.mp3 -> /home/booster/Workspace/Booster_T1_3v3_Demo/install/sound_play/share/sound_play/sounds
symbolically linking /home/booster/Workspace/Booster_T1_3v3_Demo/build/sound_play/sounds/laugh.mp3 -> /home/booster/Workspace/Booster_T1_3v3_Demo/install/sound_play/share/sound_play/sounds
symbolically linking /home/booster/Workspace/Booster_T1_3v3_Demo/build/sound_play/sounds/jianguo-ready.wav -> /home/booster/Workspace/Booster_T1_3v3_Demo/install/sound_play/share/sound_play/sounds
symbolically linking /home/booster/Workspace/Booster_T1_3v3_Demo/build/sound_play/sounds/r2d2-kick.mp3 -> /home/booster/Workspace/Booster_T1_3v3_Demo/install/sound_play/share/sound_play/sounds
symbolically linking /home/booster/Workspace/Booster_T1_3v3_Demo/build/sound_play/sounds/locate_success_right.mp3 -> /home/booster/Workspace/Booster_T1_3v3_Demo/install/sound_play/share/sound_play/sounds
symbolically linking /home/booster/Workspace/Booster_T1_3v3_Demo/build/sound_play/sounds/r2d2-chase.mp3 -> /home/booster/Workspace/Booster_T1_3v3_Demo/install/sound_play/share/sound_play/sounds
symbolically linking /home/booster/Workspace/Booster_T1_3v3_Demo/build/sound_play/sounds/jianguo-adjust.mp3 -> /home/booster/Workspace/Booster_T1_3v3_Demo/install/sound_play/share/sound_play/sounds
symbolically linking /home/booster/Workspace/Booster_T1_3v3_Demo/build/sound_play/sounds/jianguo-chase.mp3 -> /home/booster/Workspace/Booster_T1_3v3_Demo/install/sound_play/share/sound_play/sounds
symbolically linking /home/booster/Workspace/Booster_T1_3v3_Demo/build/sound_play/sounds/rmm-regret.mp3 -> /home/booster/Workspace/Booster_T1_3v3_Demo/install/sound_play/share/sound_play/sounds
symbolically linking /home/booster/Workspace/Booster_T1_3v3_Demo/build/sound_play/sounds/rmm-kick.mp3 -> /home/booster/Workspace/Booster_T1_3v3_Demo/install/sound_play/share/sound_play/sounds
symbolically linking /home/booster/Workspace/Booster_T1_3v3_Demo/build/sound_play/sounds/exited.mp3 -> /home/booster/Workspace/Booster_T1_3v3_Demo/install/sound_play/share/sound_play/sounds
symbolically linking /home/booster/Workspace/Booster_T1_3v3_Demo/build/sound_play/sounds/tvb-taunt.mp3 -> /home/booster/Workspace/Booster_T1_3v3_Demo/install/sound_play/share/sound_play/sounds
symbolically linking /home/booster/Workspace/Booster_T1_3v3_Demo/build/sound_play/sounds/tvb-celebrate.mp3 -> /home/booster/Workspace/Booster_T1_3v3_Demo/install/sound_play/share/sound_play/sounds
symbolically linking /home/booster/Workspace/Booster_T1_3v3_Demo/build/sound_play/sounds/fbb-regret.mp3 -> /home/booster/Workspace/Booster_T1_3v3_Demo/install/sound_play/share/sound_play/sounds
symbolically linking /home/booster/Workspace/Booster_T1_3v3_Demo/build/sound_play/sounds/r2d2-ready.mp3 -> /home/booster/Workspace/Booster_T1_3v3_Demo/install/sound_play/share/sound_play/sounds
symbolically linking /home/booster/Workspace/Booster_T1_3v3_Demo/build/sound_play/sounds/fbb-celebrate.mp3 -> /home/booster/Workspace/Booster_T1_3v3_Demo/install/sound_play/share/sound_play/sounds
symbolically linking /home/booster/Workspace/Booster_T1_3v3_Demo/build/sound_play/sounds/jianguo-celebrate.mp3 -> /home/booster/Workspace/Booster_T1_3v3_Demo/install/sound_play/share/sound_play/sounds
