[0.082s] Invoking command in '/home/booster/Workspace/Booster_T1_3v3_Demo/src/build/vision_interface': CMAKE_PREFIX_PATH=/opt/ros/humble /usr/bin/cmake /home/booster/Workspace/Booster_T1_3v3_Demo/src/robocup_ros2_interface/src/vision_interface -DCMAKE_INSTALL_PREFIX=/home/booster/Workspace/Booster_T1_3v3_Demo/src/install/vision_interface
[0.225s] -- The C compiler identification is GNU 11.4.0
[0.405s] -- The CXX compiler identification is GNU 11.4.0
[0.435s] -- Detecting C compiler ABI info
[0.880s] -- Detecting C compiler ABI info - done
[0.902s] -- Check for working C compiler: /usr/bin/cc - skipped
[0.911s] -- Detecting C compile features
[0.912s] -- Detecting C compile features - done
[0.924s] -- Detecting CXX compiler ABI info
[1.253s] -- Detecting CXX compiler ABI info - done
[1.254s] -- Check for working CXX compiler: /usr/bin/c++ - skipped
[1.254s] -- Detecting CXX compile features
[1.254s] -- Detecting CXX compile features - done
[1.261s] -- Found ament_cmake: 1.3.11 (/opt/ros/humble/share/ament_cmake/cmake)
[1.931s] -- Found Python3: /usr/bin/python3 (found version "3.10.12") found components: Interpreter 
[2.233s] -- Found rclcpp: 16.0.12 (/opt/ros/humble/share/rclcpp/cmake)
[2.460s] -- Found rosidl_generator_c: 3.1.6 (/opt/ros/humble/share/rosidl_generator_c/cmake)
[2.490s] -- Found rosidl_adapter: 3.1.6 (/opt/ros/humble/share/rosidl_adapter/cmake)
[2.526s] -- Found rosidl_generator_cpp: 3.1.6 (/opt/ros/humble/share/rosidl_generator_cpp/cmake)
[2.578s] -- Using all available rosidl_typesupport_c: rosidl_typesupport_fastrtps_c;rosidl_typesupport_introspection_c
[2.650s] -- Using all available rosidl_typesupport_cpp: rosidl_typesupport_fastrtps_cpp;rosidl_typesupport_introspection_cpp
[2.860s] -- Found rmw_implementation_cmake: 6.1.2 (/opt/ros/humble/share/rmw_implementation_cmake/cmake)
[2.873s] -- Found rmw_fastrtps_cpp: 6.2.7 (/opt/ros/humble/share/rmw_fastrtps_cpp/cmake)
[3.497s] -- Found OpenSSL: /usr/lib/aarch64-linux-gnu/libcrypto.so (found version "3.0.2")  
[3.603s] -- Found FastRTPS: /opt/ros/humble/include  
[3.754s] -- Using RMW implementation 'rmw_fastrtps_cpp' as default
[3.800s] -- Looking for pthread.h
[4.223s] -- Looking for pthread.h - found
[4.225s] -- Performing Test CMAKE_HAVE_LIBC_PTHREAD
[4.426s] -- Performing Test CMAKE_HAVE_LIBC_PTHREAD - Success
[4.428s] -- Found Threads: TRUE  
[4.567s] -- Found rosidl_default_generators: 1.2.0 (/opt/ros/humble/share/rosidl_default_generators/cmake)
[4.584s] -- Found geometry_msgs: 4.8.0 (/opt/ros/humble/share/geometry_msgs/cmake)
[4.611s] -- Found sensor_msgs: 4.8.0 (/opt/ros/humble/share/sensor_msgs/cmake)
[5.844s] -- Found ament_cmake_ros: 0.10.0 (/opt/ros/humble/share/ament_cmake_ros/cmake)
[7.540s] -- Using all available rosidl_typesupport_c: rosidl_typesupport_fastrtps_c;rosidl_typesupport_introspection_c
[8.224s] -- Using all available rosidl_typesupport_cpp: rosidl_typesupport_fastrtps_cpp;rosidl_typesupport_introspection_cpp
[8.304s] -- Found PythonInterp: /usr/bin/python3 (found suitable version "3.10.12", minimum required is "3.6") 
[8.307s] -- Found python_cmake_module: 0.10.0 (/opt/ros/humble/share/python_cmake_module/cmake)
[8.397s] -- Found PythonLibs: /usr/lib/aarch64-linux-gnu/libpython3.10.so (found suitable version "3.10.12", minimum required is "3.5") 
[8.398s] -- Using PYTHON_EXECUTABLE: /usr/bin/python3
[8.398s] -- Using PYTHON_INCLUDE_DIRS: /usr/include/python3.10
[8.398s] -- Using PYTHON_LIBRARIES: /usr/lib/aarch64-linux-gnu/libpython3.10.so
[8.489s] -- Found PythonExtra: .so  
[9.151s] -- Using numpy include directory: /home/booster/.local/lib/python3.10/site-packages/numpy/core/include
[9.170s] -- Found ament_lint_auto: 0.12.12 (/opt/ros/humble/share/ament_lint_auto/cmake)
[9.198s] -- Added test 'lint_cmake' to check CMake code style
[9.200s] -- Added test 'xmllint' to check XML markup files
[9.205s] -- Configuring done
[9.355s] -- Generating done
[9.402s] -- Build files have been written to: /home/booster/Workspace/Booster_T1_3v3_Demo/src/build/vision_interface
[9.480s] Invoked command in '/home/booster/Workspace/Booster_T1_3v3_Demo/src/build/vision_interface' returned '0': CMAKE_PREFIX_PATH=/opt/ros/humble /usr/bin/cmake /home/booster/Workspace/Booster_T1_3v3_Demo/src/robocup_ros2_interface/src/vision_interface -DCMAKE_INSTALL_PREFIX=/home/booster/Workspace/Booster_T1_3v3_Demo/src/install/vision_interface
[9.486s] Invoking command in '/home/booster/Workspace/Booster_T1_3v3_Demo/src/build/vision_interface': CMAKE_PREFIX_PATH=/opt/ros/humble /usr/bin/cmake --build /home/booster/Workspace/Booster_T1_3v3_Demo/src/build/vision_interface -- -j5 -l5
[9.699s] [  0%] [34m[1mGenerating C++ code for ROS interfaces[0m
[13.263s] [  0%] Built target vision_interface__cpp
[13.432s] [  0%] Built target ament_cmake_python_copy_vision_interface
[13.496s] [  1%] [34m[1mGenerating C++ introspection for ROS interfaces[0m
[16.279s] [  2%] [32mBuilding CXX object CMakeFiles/vision_interface__rosidl_typesupport_introspection_cpp.dir/rosidl_typesupport_introspection_cpp/vision_interface/msg/detail/detected_object__type_support.cpp.o[0m
[17.714s] [  3%] [32mBuilding CXX object CMakeFiles/vision_interface__rosidl_typesupport_introspection_cpp.dir/rosidl_typesupport_introspection_cpp/vision_interface/msg/detail/detections__type_support.cpp.o[0m
[19.382s] [  4%] [32mBuilding CXX object CMakeFiles/vision_interface__rosidl_typesupport_introspection_cpp.dir/rosidl_typesupport_introspection_cpp/vision_interface/msg/detail/line_segments__type_support.cpp.o[0m
[20.905s] [  5%] [32mBuilding CXX object CMakeFiles/vision_interface__rosidl_typesupport_introspection_cpp.dir/rosidl_typesupport_introspection_cpp/vision_interface/msg/detail/cal_param__type_support.cpp.o[0m
[22.256s] [  6%] [32mBuilding CXX object CMakeFiles/vision_interface__rosidl_typesupport_introspection_cpp.dir/rosidl_typesupport_introspection_cpp/vision_interface/msg/detail/detections_track__type_support.cpp.o[0m
[23.681s] [  7%] [32mBuilding CXX object CMakeFiles/vision_interface__rosidl_typesupport_introspection_cpp.dir/rosidl_typesupport_introspection_cpp/vision_interface/msg/detail/segmentation_point__type_support.cpp.o[0m
[24.990s] [  8%] [32mBuilding CXX object CMakeFiles/vision_interface__rosidl_typesupport_introspection_cpp.dir/rosidl_typesupport_introspection_cpp/vision_interface/msg/detail/segmentation_line__type_support.cpp.o[0m
[26.637s] [  9%] [32mBuilding CXX object CMakeFiles/vision_interface__rosidl_typesupport_introspection_cpp.dir/rosidl_typesupport_introspection_cpp/vision_interface/msg/detail/segmentation_result__type_support.cpp.o[0m
[28.457s] [ 10%] [32mBuilding CXX object CMakeFiles/vision_interface__rosidl_typesupport_introspection_cpp.dir/rosidl_typesupport_introspection_cpp/vision_interface/msg/detail/image_head_position__type_support.cpp.o[0m
[30.106s] [ 11%] [32mBuilding CXX object CMakeFiles/vision_interface__rosidl_typesupport_introspection_cpp.dir/rosidl_typesupport_introspection_cpp/vision_interface/msg/detail/ball__type_support.cpp.o[0m
[31.522s] [ 12%] [32m[1mLinking CXX shared library libvision_interface__rosidl_typesupport_introspection_cpp.so[0m
[31.890s] [ 12%] Built target vision_interface__rosidl_typesupport_introspection_cpp
[32.790s] running egg_info
[32.792s] creating vision_interface.egg-info
[32.793s] writing vision_interface.egg-info/PKG-INFO
[32.794s] writing dependency_links to vision_interface.egg-info/dependency_links.txt
[32.795s] writing top-level names to vision_interface.egg-info/top_level.txt
[32.795s] writing manifest file 'vision_interface.egg-info/SOURCES.txt'
[32.804s] reading manifest file 'vision_interface.egg-info/SOURCES.txt'
[32.807s] writing manifest file 'vision_interface.egg-info/SOURCES.txt'
[32.939s] [ 12%] Built target ament_cmake_python_build_vision_interface_egg
[32.970s] [ 13%] [34m[1mGenerating C++ type support for eProsima Fast-RTPS[0m
[35.886s] [ 14%] [32mBuilding CXX object CMakeFiles/vision_interface__rosidl_typesupport_fastrtps_cpp.dir/rosidl_typesupport_fastrtps_cpp/vision_interface/msg/detail/dds_fastrtps/detected_object__type_support.cpp.o[0m
[37.125s] [ 14%] [32mBuilding CXX object CMakeFiles/vision_interface__rosidl_typesupport_fastrtps_cpp.dir/rosidl_typesupport_fastrtps_cpp/vision_interface/msg/detail/dds_fastrtps/line_segments__type_support.cpp.o[0m
[38.376s] [ 15%] [32mBuilding CXX object CMakeFiles/vision_interface__rosidl_typesupport_fastrtps_cpp.dir/rosidl_typesupport_fastrtps_cpp/vision_interface/msg/detail/dds_fastrtps/cal_param__type_support.cpp.o[0m
[40.355s] [ 16%] [32mBuilding CXX object CMakeFiles/vision_interface__rosidl_typesupport_fastrtps_cpp.dir/rosidl_typesupport_fastrtps_cpp/vision_interface/msg/detail/dds_fastrtps/detections_track__type_support.cpp.o[0m
[41.927s] [ 17%] [32mBuilding CXX object CMakeFiles/vision_interface__rosidl_typesupport_fastrtps_cpp.dir/rosidl_typesupport_fastrtps_cpp/vision_interface/msg/detail/dds_fastrtps/segmentation_point__type_support.cpp.o[0m
[43.024s] [ 18%] [32mBuilding CXX object CMakeFiles/vision_interface__rosidl_typesupport_fastrtps_cpp.dir/rosidl_typesupport_fastrtps_cpp/vision_interface/msg/detail/dds_fastrtps/segmentation_line__type_support.cpp.o[0m
[44.583s] [ 19%] [32mBuilding CXX object CMakeFiles/vision_interface__rosidl_typesupport_fastrtps_cpp.dir/rosidl_typesupport_fastrtps_cpp/vision_interface/msg/detail/dds_fastrtps/segmentation_result__type_support.cpp.o[0m
[45.702s] [ 20%] [32mBuilding CXX object CMakeFiles/vision_interface__rosidl_typesupport_fastrtps_cpp.dir/rosidl_typesupport_fastrtps_cpp/vision_interface/msg/detail/dds_fastrtps/image_head_position__type_support.cpp.o[0m
[46.613s] [ 21%] [32mBuilding CXX object CMakeFiles/vision_interface__rosidl_typesupport_fastrtps_cpp.dir/rosidl_typesupport_fastrtps_cpp/vision_interface/msg/detail/dds_fastrtps/ball__type_support.cpp.o[0m
[47.603s] [ 22%] [32mBuilding CXX object CMakeFiles/vision_interface__rosidl_typesupport_fastrtps_cpp.dir/rosidl_typesupport_fastrtps_cpp/vision_interface/msg/detail/dds_fastrtps/detections__type_support.cpp.o[0m
[49.295s] [ 23%] [32m[1mLinking CXX shared library libvision_interface__rosidl_typesupport_fastrtps_cpp.so[0m
[49.663s] [ 23%] Built target vision_interface__rosidl_typesupport_fastrtps_cpp
[49.708s] [ 24%] [34m[1mGenerating C++ type support dispatch for ROS interfaces[0m
[51.278s] [ 25%] [32mBuilding CXX object CMakeFiles/vision_interface__rosidl_typesupport_cpp.dir/rosidl_typesupport_cpp/vision_interface/msg/detected_object__type_support.cpp.o[0m
[51.911s] [ 26%] [32mBuilding CXX object CMakeFiles/vision_interface__rosidl_typesupport_cpp.dir/rosidl_typesupport_cpp/vision_interface/msg/cal_param__type_support.cpp.o[0m
[52.683s] [ 27%] [32mBuilding CXX object CMakeFiles/vision_interface__rosidl_typesupport_cpp.dir/rosidl_typesupport_cpp/vision_interface/msg/detections_track__type_support.cpp.o[0m
[53.486s] [ 28%] [32mBuilding CXX object CMakeFiles/vision_interface__rosidl_typesupport_cpp.dir/rosidl_typesupport_cpp/vision_interface/msg/segmentation_point__type_support.cpp.o[0m
[54.201s] [ 29%] [32mBuilding CXX object CMakeFiles/vision_interface__rosidl_typesupport_cpp.dir/rosidl_typesupport_cpp/vision_interface/msg/segmentation_line__type_support.cpp.o[0m
[54.909s] [ 30%] [32mBuilding CXX object CMakeFiles/vision_interface__rosidl_typesupport_cpp.dir/rosidl_typesupport_cpp/vision_interface/msg/segmentation_result__type_support.cpp.o[0m
[55.922s] [ 31%] [32mBuilding CXX object CMakeFiles/vision_interface__rosidl_typesupport_cpp.dir/rosidl_typesupport_cpp/vision_interface/msg/image_head_position__type_support.cpp.o[0m
[56.713s] [ 32%] [32mBuilding CXX object CMakeFiles/vision_interface__rosidl_typesupport_cpp.dir/rosidl_typesupport_cpp/vision_interface/msg/ball__type_support.cpp.o[0m
[57.579s] [ 33%] [32mBuilding CXX object CMakeFiles/vision_interface__rosidl_typesupport_cpp.dir/rosidl_typesupport_cpp/vision_interface/msg/line_segments__type_support.cpp.o[0m
[58.146s] [ 34%] [32mBuilding CXX object CMakeFiles/vision_interface__rosidl_typesupport_cpp.dir/rosidl_typesupport_cpp/vision_interface/msg/detections__type_support.cpp.o[0m
[59.038s] [ 35%] [32m[1mLinking CXX shared library libvision_interface__rosidl_typesupport_cpp.so[0m
[59.192s] [ 35%] Built target vision_interface__rosidl_typesupport_cpp
[59.260s] [ 36%] [34m[1mGenerating C code for ROS interfaces[0m
[62.640s] [ 37%] [32mBuilding C object CMakeFiles/vision_interface__rosidl_generator_c.dir/rosidl_generator_c/vision_interface/msg/detail/detected_object__functions.c.o[0m
[62.902s] [ 38%] [32mBuilding C object CMakeFiles/vision_interface__rosidl_generator_c.dir/rosidl_generator_c/vision_interface/msg/detail/detections_track__functions.c.o[0m
[63.161s] [ 39%] [32mBuilding C object CMakeFiles/vision_interface__rosidl_generator_c.dir/rosidl_generator_c/vision_interface/msg/detail/segmentation_point__functions.c.o[0m
[63.382s] [ 40%] [32mBuilding C object CMakeFiles/vision_interface__rosidl_generator_c.dir/rosidl_generator_c/vision_interface/msg/detail/segmentation_line__functions.c.o[0m
[63.624s] [ 41%] [32mBuilding C object CMakeFiles/vision_interface__rosidl_generator_c.dir/rosidl_generator_c/vision_interface/msg/detail/segmentation_result__functions.c.o[0m
[63.792s] [ 42%] [32mBuilding C object CMakeFiles/vision_interface__rosidl_generator_c.dir/rosidl_generator_c/vision_interface/msg/detail/image_head_position__functions.c.o[0m
[64.062s] [ 43%] [32mBuilding C object CMakeFiles/vision_interface__rosidl_generator_c.dir/rosidl_generator_c/vision_interface/msg/detail/ball__functions.c.o[0m
[64.282s] [ 44%] [32mBuilding C object CMakeFiles/vision_interface__rosidl_generator_c.dir/rosidl_generator_c/vision_interface/msg/detail/cal_param__functions.c.o[0m
[64.479s] [ 45%] [32mBuilding C object CMakeFiles/vision_interface__rosidl_generator_c.dir/rosidl_generator_c/vision_interface/msg/detail/line_segments__functions.c.o[0m
[64.711s] [ 46%] [32mBuilding C object CMakeFiles/vision_interface__rosidl_generator_c.dir/rosidl_generator_c/vision_interface/msg/detail/detections__functions.c.o[0m
[64.833s] [ 47%] [32m[1mLinking C shared library libvision_interface__rosidl_generator_c.so[0m
[64.979s] [ 47%] Built target vision_interface__rosidl_generator_c
[65.057s] [ 48%] [34m[1mGenerating C type support for eProsima Fast-RTPS[0m
[67.761s] [ 49%] [32mBuilding CXX object CMakeFiles/vision_interface__rosidl_typesupport_fastrtps_c.dir/rosidl_typesupport_fastrtps_c/vision_interface/msg/detail/detected_object__type_support_c.cpp.o[0m
[68.984s] [ 50%] [32mBuilding CXX object CMakeFiles/vision_interface__rosidl_typesupport_fastrtps_c.dir/rosidl_typesupport_fastrtps_c/vision_interface/msg/detail/line_segments__type_support_c.cpp.o[0m
[69.991s] [ 51%] [32mBuilding CXX object CMakeFiles/vision_interface__rosidl_typesupport_fastrtps_c.dir/rosidl_typesupport_fastrtps_c/vision_interface/msg/detail/cal_param__type_support_c.cpp.o[0m
[71.238s] [ 52%] [32mBuilding CXX object CMakeFiles/vision_interface__rosidl_typesupport_fastrtps_c.dir/rosidl_typesupport_fastrtps_c/vision_interface/msg/detail/detections_track__type_support_c.cpp.o[0m
[72.029s] [ 53%] [32mBuilding CXX object CMakeFiles/vision_interface__rosidl_typesupport_fastrtps_c.dir/rosidl_typesupport_fastrtps_c/vision_interface/msg/detail/segmentation_point__type_support_c.cpp.o[0m
[73.112s] [ 54%] [32mBuilding CXX object CMakeFiles/vision_interface__rosidl_typesupport_fastrtps_c.dir/rosidl_typesupport_fastrtps_c/vision_interface/msg/detail/segmentation_line__type_support_c.cpp.o[0m
[74.091s] [ 55%] [32mBuilding CXX object CMakeFiles/vision_interface__rosidl_typesupport_fastrtps_c.dir/rosidl_typesupport_fastrtps_c/vision_interface/msg/detail/segmentation_result__type_support_c.cpp.o[0m
[75.098s] [ 56%] [32mBuilding CXX object CMakeFiles/vision_interface__rosidl_typesupport_fastrtps_c.dir/rosidl_typesupport_fastrtps_c/vision_interface/msg/detail/image_head_position__type_support_c.cpp.o[0m
[75.897s] [ 57%] [32mBuilding CXX object CMakeFiles/vision_interface__rosidl_typesupport_fastrtps_c.dir/rosidl_typesupport_fastrtps_c/vision_interface/msg/detail/ball__type_support_c.cpp.o[0m
[76.716s] [ 58%] [32mBuilding CXX object CMakeFiles/vision_interface__rosidl_typesupport_fastrtps_c.dir/rosidl_typesupport_fastrtps_c/vision_interface/msg/detail/detections__type_support_c.cpp.o[0m
[77.499s] [ 59%] [32m[1mLinking CXX shared library libvision_interface__rosidl_typesupport_fastrtps_c.so[0m
[77.712s] [ 59%] Built target vision_interface__rosidl_typesupport_fastrtps_c
[77.750s] [ 60%] [34m[1mGenerating C type support dispatch for ROS interfaces[0m
[78.908s] [ 61%] [32mBuilding CXX object CMakeFiles/vision_interface__rosidl_typesupport_c.dir/rosidl_typesupport_c/vision_interface/msg/detected_object__type_support.cpp.o[0m
[78.964s] [ 62%] [32mBuilding CXX object CMakeFiles/vision_interface__rosidl_typesupport_c.dir/rosidl_typesupport_c/vision_interface/msg/cal_param__type_support.cpp.o[0m
[79.022s] [ 63%] [32mBuilding CXX object CMakeFiles/vision_interface__rosidl_typesupport_c.dir/rosidl_typesupport_c/vision_interface/msg/detections_track__type_support.cpp.o[0m
[79.079s] [ 64%] [32mBuilding CXX object CMakeFiles/vision_interface__rosidl_typesupport_c.dir/rosidl_typesupport_c/vision_interface/msg/segmentation_point__type_support.cpp.o[0m
[79.135s] [ 65%] [32mBuilding CXX object CMakeFiles/vision_interface__rosidl_typesupport_c.dir/rosidl_typesupport_c/vision_interface/msg/segmentation_line__type_support.cpp.o[0m
[79.193s] [ 66%] [32mBuilding CXX object CMakeFiles/vision_interface__rosidl_typesupport_c.dir/rosidl_typesupport_c/vision_interface/msg/segmentation_result__type_support.cpp.o[0m
[79.250s] [ 66%] [32mBuilding CXX object CMakeFiles/vision_interface__rosidl_typesupport_c.dir/rosidl_typesupport_c/vision_interface/msg/image_head_position__type_support.cpp.o[0m
[79.315s] [ 67%] [32mBuilding CXX object CMakeFiles/vision_interface__rosidl_typesupport_c.dir/rosidl_typesupport_c/vision_interface/msg/ball__type_support.cpp.o[0m
[79.425s] [ 68%] [32mBuilding CXX object CMakeFiles/vision_interface__rosidl_typesupport_c.dir/rosidl_typesupport_c/vision_interface/msg/line_segments__type_support.cpp.o[0m
[79.547s] [ 69%] [32mBuilding CXX object CMakeFiles/vision_interface__rosidl_typesupport_c.dir/rosidl_typesupport_c/vision_interface/msg/detections__type_support.cpp.o[0m
[79.646s] [ 70%] [32m[1mLinking CXX shared library libvision_interface__rosidl_typesupport_c.so[0m
[79.772s] [ 70%] Built target vision_interface__rosidl_typesupport_c
[79.794s] [ 71%] [34m[1mGenerating C introspection for ROS interfaces[0m
[81.740s] [ 72%] [32mBuilding C object CMakeFiles/vision_interface__rosidl_typesupport_introspection_c.dir/rosidl_typesupport_introspection_c/vision_interface/msg/detail/detected_object__type_support.c.o[0m
[81.890s] [ 73%] [32mBuilding C object CMakeFiles/vision_interface__rosidl_typesupport_introspection_c.dir/rosidl_typesupport_introspection_c/vision_interface/msg/detail/detections_track__type_support.c.o[0m
[82.096s] [ 74%] [32mBuilding C object CMakeFiles/vision_interface__rosidl_typesupport_introspection_c.dir/rosidl_typesupport_introspection_c/vision_interface/msg/detail/segmentation_point__type_support.c.o[0m
[82.213s] [ 75%] [32mBuilding C object CMakeFiles/vision_interface__rosidl_typesupport_introspection_c.dir/rosidl_typesupport_introspection_c/vision_interface/msg/detail/segmentation_line__type_support.c.o[0m
[82.274s] [ 76%] [32mBuilding C object CMakeFiles/vision_interface__rosidl_typesupport_introspection_c.dir/rosidl_typesupport_introspection_c/vision_interface/msg/detail/segmentation_result__type_support.c.o[0m
[82.355s] [ 77%] [32mBuilding C object CMakeFiles/vision_interface__rosidl_typesupport_introspection_c.dir/rosidl_typesupport_introspection_c/vision_interface/msg/detail/image_head_position__type_support.c.o[0m
[82.447s] [ 78%] [32mBuilding C object CMakeFiles/vision_interface__rosidl_typesupport_introspection_c.dir/rosidl_typesupport_introspection_c/vision_interface/msg/detail/ball__type_support.c.o[0m
[82.610s] [ 79%] [32mBuilding C object CMakeFiles/vision_interface__rosidl_typesupport_introspection_c.dir/rosidl_typesupport_introspection_c/vision_interface/msg/detail/cal_param__type_support.c.o[0m
[82.763s] [ 80%] [32mBuilding C object CMakeFiles/vision_interface__rosidl_typesupport_introspection_c.dir/rosidl_typesupport_introspection_c/vision_interface/msg/detail/line_segments__type_support.c.o[0m
[82.915s] [ 81%] [32mBuilding C object CMakeFiles/vision_interface__rosidl_typesupport_introspection_c.dir/rosidl_typesupport_introspection_c/vision_interface/msg/detail/detections__type_support.c.o[0m
[83.182s] [ 82%] [32m[1mLinking C shared library libvision_interface__rosidl_typesupport_introspection_c.so[0m
[83.341s] [ 82%] Built target vision_interface__rosidl_typesupport_introspection_c
[83.436s] [ 82%] Built target vision_interface
[83.482s] [ 83%] [34m[1mGenerating Python code for ROS interfaces[0m
[87.148s] [ 83%] Built target vision_interface__py
[87.207s] [ 84%] [32mBuilding C object CMakeFiles/vision_interface__rosidl_generator_py.dir/rosidl_generator_py/vision_interface/msg/_detected_object_s.c.o[0m
[87.537s] [ 85%] [32mBuilding C object CMakeFiles/vision_interface__rosidl_generator_py.dir/rosidl_generator_py/vision_interface/msg/_detections_track_s.c.o[0m
[87.803s] [ 86%] [32mBuilding C object CMakeFiles/vision_interface__rosidl_generator_py.dir/rosidl_generator_py/vision_interface/msg/_segmentation_point_s.c.o[0m
[88.004s] [ 87%] [32mBuilding C object CMakeFiles/vision_interface__rosidl_generator_py.dir/rosidl_generator_py/vision_interface/msg/_segmentation_line_s.c.o[0m
[88.279s] [ 88%] [32mBuilding C object CMakeFiles/vision_interface__rosidl_generator_py.dir/rosidl_generator_py/vision_interface/msg/_segmentation_result_s.c.o[0m
[88.509s] [ 89%] [32mBuilding C object CMakeFiles/vision_interface__rosidl_generator_py.dir/rosidl_generator_py/vision_interface/msg/_image_head_position_s.c.o[0m
[88.728s] [ 90%] [32mBuilding C object CMakeFiles/vision_interface__rosidl_generator_py.dir/rosidl_generator_py/vision_interface/msg/_ball_s.c.o[0m
[88.915s] [ 91%] [32mBuilding C object CMakeFiles/vision_interface__rosidl_generator_py.dir/rosidl_generator_py/vision_interface/msg/_cal_param_s.c.o[0m
[89.100s] [ 92%] [32mBuilding C object CMakeFiles/vision_interface__rosidl_generator_py.dir/rosidl_generator_py/vision_interface/msg/_line_segments_s.c.o[0m
[89.372s] [ 93%] [32mBuilding C object CMakeFiles/vision_interface__rosidl_generator_py.dir/rosidl_generator_py/vision_interface/msg/_detections_s.c.o[0m
[89.592s] [ 94%] [32m[1mLinking C shared library rosidl_generator_py/vision_interface/libvision_interface__rosidl_generator_py.so[0m
[89.681s] [ 94%] Built target vision_interface__rosidl_generator_py
[89.777s] [ 95%] [32mBuilding C object CMakeFiles/vision_interface__rosidl_typesupport_fastrtps_c__pyext.dir/rosidl_generator_py/vision_interface/_vision_interface_s.ep.rosidl_typesupport_fastrtps_c.c.o[0m
[90.060s] [ 96%] [32m[1mLinking C shared library rosidl_generator_py/vision_interface/vision_interface_s__rosidl_typesupport_fastrtps_c.cpython-310-aarch64-linux-gnu.so[0m
[90.165s] [ 96%] Built target vision_interface__rosidl_typesupport_fastrtps_c__pyext
[90.228s] [ 97%] [32mBuilding C object CMakeFiles/vision_interface__rosidl_typesupport_c__pyext.dir/rosidl_generator_py/vision_interface/_vision_interface_s.ep.rosidl_typesupport_c.c.o[0m
[90.492s] [ 98%] [32m[1mLinking C shared library rosidl_generator_py/vision_interface/vision_interface_s__rosidl_typesupport_c.cpython-310-aarch64-linux-gnu.so[0m
[90.696s] [ 98%] Built target vision_interface__rosidl_typesupport_c__pyext
[90.759s] [ 99%] [32mBuilding C object CMakeFiles/vision_interface__rosidl_typesupport_introspection_c__pyext.dir/rosidl_generator_py/vision_interface/_vision_interface_s.ep.rosidl_typesupport_introspection_c.c.o[0m
[91.148s] [100%] [32m[1mLinking C shared library rosidl_generator_py/vision_interface/vision_interface_s__rosidl_typesupport_introspection_c.cpython-310-aarch64-linux-gnu.so[0m
[91.223s] [100%] Built target vision_interface__rosidl_typesupport_introspection_c__pyext
[91.284s] Invoked command in '/home/booster/Workspace/Booster_T1_3v3_Demo/src/build/vision_interface' returned '0': CMAKE_PREFIX_PATH=/opt/ros/humble /usr/bin/cmake --build /home/booster/Workspace/Booster_T1_3v3_Demo/src/build/vision_interface -- -j5 -l5
[91.289s] Invoking command in '/home/booster/Workspace/Booster_T1_3v3_Demo/src/build/vision_interface': CMAKE_PREFIX_PATH=/opt/ros/humble /usr/bin/cmake --install /home/booster/Workspace/Booster_T1_3v3_Demo/src/build/vision_interface
[91.301s] -- Install configuration: ""
[91.301s] -- Installing: /home/booster/Workspace/Booster_T1_3v3_Demo/src/install/vision_interface/share/ament_index/resource_index/rosidl_interfaces/vision_interface
[91.301s] -- Installing: /home/booster/Workspace/Booster_T1_3v3_Demo/src/install/vision_interface/include/vision_interface/vision_interface
[91.302s] -- Installing: /home/booster/Workspace/Booster_T1_3v3_Demo/src/install/vision_interface/include/vision_interface/vision_interface/msg
[91.302s] -- Installing: /home/booster/Workspace/Booster_T1_3v3_Demo/src/install/vision_interface/include/vision_interface/vision_interface/msg/rosidl_generator_c__visibility_control.h
[91.303s] -- Installing: /home/booster/Workspace/Booster_T1_3v3_Demo/src/install/vision_interface/include/vision_interface/vision_interface/msg/detail
[91.303s] -- Installing: /home/booster/Workspace/Booster_T1_3v3_Demo/src/install/vision_interface/include/vision_interface/vision_interface/msg/detail/ball__functions.c
[91.303s] -- Installing: /home/booster/Workspace/Booster_T1_3v3_Demo/src/install/vision_interface/include/vision_interface/vision_interface/msg/detail/line_segments__functions.c
[91.303s] -- Installing: /home/booster/Workspace/Booster_T1_3v3_Demo/src/install/vision_interface/include/vision_interface/vision_interface/msg/detail/detected_object__struct.h
[91.303s] -- Installing: /home/booster/Workspace/Booster_T1_3v3_Demo/src/install/vision_interface/include/vision_interface/vision_interface/msg/detail/image_head_position__functions.c
[91.303s] -- Installing: /home/booster/Workspace/Booster_T1_3v3_Demo/src/install/vision_interface/include/vision_interface/vision_interface/msg/detail/detections__functions.c
[91.303s] -- Installing: /home/booster/Workspace/Booster_T1_3v3_Demo/src/install/vision_interface/include/vision_interface/vision_interface/msg/detail/segmentation_line__type_support.h
[91.304s] -- Installing: /home/booster/Workspace/Booster_T1_3v3_Demo/src/install/vision_interface/include/vision_interface/vision_interface/msg/detail/segmentation_result__functions.h
[91.304s] -- Installing: /home/booster/Workspace/Booster_T1_3v3_Demo/src/install/vision_interface/include/vision_interface/vision_interface/msg/detail/detections_track__functions.h
[91.304s] -- Installing: /home/booster/Workspace/Booster_T1_3v3_Demo/src/install/vision_interface/include/vision_interface/vision_interface/msg/detail/segmentation_line__functions.h
[91.304s] -- Installing: /home/booster/Workspace/Booster_T1_3v3_Demo/src/install/vision_interface/include/vision_interface/vision_interface/msg/detail/segmentation_line__struct.h
[91.304s] -- Installing: /home/booster/Workspace/Booster_T1_3v3_Demo/src/install/vision_interface/include/vision_interface/vision_interface/msg/detail/detections__type_support.h
[91.304s] -- Installing: /home/booster/Workspace/Booster_T1_3v3_Demo/src/install/vision_interface/include/vision_interface/vision_interface/msg/detail/segmentation_line__functions.c
[91.305s] -- Installing: /home/booster/Workspace/Booster_T1_3v3_Demo/src/install/vision_interface/include/vision_interface/vision_interface/msg/detail/segmentation_point__functions.c
[91.305s] -- Installing: /home/booster/Workspace/Booster_T1_3v3_Demo/src/install/vision_interface/include/vision_interface/vision_interface/msg/detail/detections__struct.h
[91.305s] -- Installing: /home/booster/Workspace/Booster_T1_3v3_Demo/src/install/vision_interface/include/vision_interface/vision_interface/msg/detail/segmentation_point__functions.h
[91.305s] -- Installing: /home/booster/Workspace/Booster_T1_3v3_Demo/src/install/vision_interface/include/vision_interface/vision_interface/msg/detail/cal_param__type_support.h
[91.306s] -- Installing: /home/booster/Workspace/Booster_T1_3v3_Demo/src/install/vision_interface/include/vision_interface/vision_interface/msg/detail/cal_param__functions.h
[91.306s] -- Installing: /home/booster/Workspace/Booster_T1_3v3_Demo/src/install/vision_interface/include/vision_interface/vision_interface/msg/detail/detected_object__functions.c
[91.306s] -- Installing: /home/booster/Workspace/Booster_T1_3v3_Demo/src/install/vision_interface/include/vision_interface/vision_interface/msg/detail/image_head_position__struct.h
[91.306s] -- Installing: /home/booster/Workspace/Booster_T1_3v3_Demo/src/install/vision_interface/include/vision_interface/vision_interface/msg/detail/image_head_position__type_support.h
[91.306s] -- Installing: /home/booster/Workspace/Booster_T1_3v3_Demo/src/install/vision_interface/include/vision_interface/vision_interface/msg/detail/image_head_position__functions.h
[91.306s] -- Installing: /home/booster/Workspace/Booster_T1_3v3_Demo/src/install/vision_interface/include/vision_interface/vision_interface/msg/detail/detections_track__struct.h
[91.307s] -- Installing: /home/booster/Workspace/Booster_T1_3v3_Demo/src/install/vision_interface/include/vision_interface/vision_interface/msg/detail/segmentation_result__functions.c
[91.307s] -- Installing: /home/booster/Workspace/Booster_T1_3v3_Demo/src/install/vision_interface/include/vision_interface/vision_interface/msg/detail/segmentation_point__type_support.h
[91.307s] -- Installing: /home/booster/Workspace/Booster_T1_3v3_Demo/src/install/vision_interface/include/vision_interface/vision_interface/msg/detail/ball__type_support.h
[91.307s] -- Installing: /home/booster/Workspace/Booster_T1_3v3_Demo/src/install/vision_interface/include/vision_interface/vision_interface/msg/detail/segmentation_result__type_support.h
[91.307s] -- Installing: /home/booster/Workspace/Booster_T1_3v3_Demo/src/install/vision_interface/include/vision_interface/vision_interface/msg/detail/line_segments__type_support.h
[91.307s] -- Installing: /home/booster/Workspace/Booster_T1_3v3_Demo/src/install/vision_interface/include/vision_interface/vision_interface/msg/detail/detected_object__type_support.h
[91.308s] -- Installing: /home/booster/Workspace/Booster_T1_3v3_Demo/src/install/vision_interface/include/vision_interface/vision_interface/msg/detail/detections_track__type_support.h
[91.308s] -- Installing: /home/booster/Workspace/Booster_T1_3v3_Demo/src/install/vision_interface/include/vision_interface/vision_interface/msg/detail/segmentation_result__struct.h
[91.308s] -- Installing: /home/booster/Workspace/Booster_T1_3v3_Demo/src/install/vision_interface/include/vision_interface/vision_interface/msg/detail/line_segments__struct.h
[91.308s] -- Installing: /home/booster/Workspace/Booster_T1_3v3_Demo/src/install/vision_interface/include/vision_interface/vision_interface/msg/detail/detected_object__functions.h
[91.308s] -- Installing: /home/booster/Workspace/Booster_T1_3v3_Demo/src/install/vision_interface/include/vision_interface/vision_interface/msg/detail/segmentation_point__struct.h
[91.309s] -- Installing: /home/booster/Workspace/Booster_T1_3v3_Demo/src/install/vision_interface/include/vision_interface/vision_interface/msg/detail/ball__functions.h
[91.309s] -- Installing: /home/booster/Workspace/Booster_T1_3v3_Demo/src/install/vision_interface/include/vision_interface/vision_interface/msg/detail/cal_param__struct.h
[91.309s] -- Installing: /home/booster/Workspace/Booster_T1_3v3_Demo/src/install/vision_interface/include/vision_interface/vision_interface/msg/detail/detections__functions.h
[91.309s] -- Installing: /home/booster/Workspace/Booster_T1_3v3_Demo/src/install/vision_interface/include/vision_interface/vision_interface/msg/detail/line_segments__functions.h
[91.309s] -- Installing: /home/booster/Workspace/Booster_T1_3v3_Demo/src/install/vision_interface/include/vision_interface/vision_interface/msg/detail/ball__struct.h
[91.310s] -- Installing: /home/booster/Workspace/Booster_T1_3v3_Demo/src/install/vision_interface/include/vision_interface/vision_interface/msg/detail/detections_track__functions.c
[91.312s] -- Installing: /home/booster/Workspace/Booster_T1_3v3_Demo/src/install/vision_interface/include/vision_interface/vision_interface/msg/detail/cal_param__functions.c
[91.312s] -- Installing: /home/booster/Workspace/Booster_T1_3v3_Demo/src/install/vision_interface/include/vision_interface/vision_interface/msg/segmentation_line.h
[91.312s] -- Installing: /home/booster/Workspace/Booster_T1_3v3_Demo/src/install/vision_interface/include/vision_interface/vision_interface/msg/cal_param.h
[91.312s] -- Installing: /home/booster/Workspace/Booster_T1_3v3_Demo/src/install/vision_interface/include/vision_interface/vision_interface/msg/segmentation_point.h
[91.312s] -- Installing: /home/booster/Workspace/Booster_T1_3v3_Demo/src/install/vision_interface/include/vision_interface/vision_interface/msg/line_segments.h
[91.312s] -- Installing: /home/booster/Workspace/Booster_T1_3v3_Demo/src/install/vision_interface/include/vision_interface/vision_interface/msg/detections.h
[91.312s] -- Installing: /home/booster/Workspace/Booster_T1_3v3_Demo/src/install/vision_interface/include/vision_interface/vision_interface/msg/segmentation_result.h
[91.312s] -- Installing: /home/booster/Workspace/Booster_T1_3v3_Demo/src/install/vision_interface/include/vision_interface/vision_interface/msg/detections_track.h
[91.313s] -- Installing: /home/booster/Workspace/Booster_T1_3v3_Demo/src/install/vision_interface/include/vision_interface/vision_interface/msg/image_head_position.h
[91.313s] -- Installing: /home/booster/Workspace/Booster_T1_3v3_Demo/src/install/vision_interface/include/vision_interface/vision_interface/msg/detected_object.h
[91.313s] -- Installing: /home/booster/Workspace/Booster_T1_3v3_Demo/src/install/vision_interface/include/vision_interface/vision_interface/msg/ball.h
[91.313s] -- Installing: /home/booster/Workspace/Booster_T1_3v3_Demo/src/install/vision_interface/share/vision_interface/environment/library_path.sh
[91.313s] -- Installing: /home/booster/Workspace/Booster_T1_3v3_Demo/src/install/vision_interface/share/vision_interface/environment/library_path.dsv
[91.313s] -- Installing: /home/booster/Workspace/Booster_T1_3v3_Demo/src/install/vision_interface/lib/libvision_interface__rosidl_generator_c.so
[91.313s] -- Set runtime path of "/home/booster/Workspace/Booster_T1_3v3_Demo/src/install/vision_interface/lib/libvision_interface__rosidl_generator_c.so" to ""
[91.314s] -- Up-to-date: /home/booster/Workspace/Booster_T1_3v3_Demo/src/install/vision_interface/include/vision_interface/vision_interface
[91.314s] -- Up-to-date: /home/booster/Workspace/Booster_T1_3v3_Demo/src/install/vision_interface/include/vision_interface/vision_interface/msg
[91.314s] -- Up-to-date: /home/booster/Workspace/Booster_T1_3v3_Demo/src/install/vision_interface/include/vision_interface/vision_interface/msg/detail
[91.314s] -- Installing: /home/booster/Workspace/Booster_T1_3v3_Demo/src/install/vision_interface/include/vision_interface/vision_interface/msg/detail/segmentation_point__rosidl_typesupport_fastrtps_c.h
[91.314s] -- Installing: /home/booster/Workspace/Booster_T1_3v3_Demo/src/install/vision_interface/include/vision_interface/vision_interface/msg/detail/detections__rosidl_typesupport_fastrtps_c.h
[91.314s] -- Installing: /home/booster/Workspace/Booster_T1_3v3_Demo/src/install/vision_interface/include/vision_interface/vision_interface/msg/detail/detected_object__rosidl_typesupport_fastrtps_c.h
[91.315s] -- Installing: /home/booster/Workspace/Booster_T1_3v3_Demo/src/install/vision_interface/include/vision_interface/vision_interface/msg/detail/line_segments__rosidl_typesupport_fastrtps_c.h
[91.315s] -- Installing: /home/booster/Workspace/Booster_T1_3v3_Demo/src/install/vision_interface/include/vision_interface/vision_interface/msg/detail/detections_track__rosidl_typesupport_fastrtps_c.h
[91.317s] -- Installing: /home/booster/Workspace/Booster_T1_3v3_Demo/src/install/vision_interface/include/vision_interface/vision_interface/msg/detail/image_head_position__rosidl_typesupport_fastrtps_c.h
[91.319s] -- Installing: /home/booster/Workspace/Booster_T1_3v3_Demo/src/install/vision_interface/include/vision_interface/vision_interface/msg/detail/segmentation_result__rosidl_typesupport_fastrtps_c.h
[91.319s] -- Installing: /home/booster/Workspace/Booster_T1_3v3_Demo/src/install/vision_interface/include/vision_interface/vision_interface/msg/detail/ball__rosidl_typesupport_fastrtps_c.h
[91.319s] -- Installing: /home/booster/Workspace/Booster_T1_3v3_Demo/src/install/vision_interface/include/vision_interface/vision_interface/msg/detail/cal_param__rosidl_typesupport_fastrtps_c.h
[91.319s] -- Installing: /home/booster/Workspace/Booster_T1_3v3_Demo/src/install/vision_interface/include/vision_interface/vision_interface/msg/detail/segmentation_line__rosidl_typesupport_fastrtps_c.h
[91.319s] -- Installing: /home/booster/Workspace/Booster_T1_3v3_Demo/src/install/vision_interface/include/vision_interface/vision_interface/msg/rosidl_typesupport_fastrtps_c__visibility_control.h
[91.319s] -- Installing: /home/booster/Workspace/Booster_T1_3v3_Demo/src/install/vision_interface/lib/libvision_interface__rosidl_typesupport_fastrtps_c.so
[91.320s] -- Set runtime path of "/home/booster/Workspace/Booster_T1_3v3_Demo/src/install/vision_interface/lib/libvision_interface__rosidl_typesupport_fastrtps_c.so" to ""
[91.320s] -- Up-to-date: /home/booster/Workspace/Booster_T1_3v3_Demo/src/install/vision_interface/include/vision_interface/vision_interface
[91.320s] -- Up-to-date: /home/booster/Workspace/Booster_T1_3v3_Demo/src/install/vision_interface/include/vision_interface/vision_interface/msg
[91.320s] -- Installing: /home/booster/Workspace/Booster_T1_3v3_Demo/src/install/vision_interface/include/vision_interface/vision_interface/msg/segmentation_line.hpp
[91.320s] -- Installing: /home/booster/Workspace/Booster_T1_3v3_Demo/src/install/vision_interface/include/vision_interface/vision_interface/msg/segmentation_point.hpp
[91.320s] -- Up-to-date: /home/booster/Workspace/Booster_T1_3v3_Demo/src/install/vision_interface/include/vision_interface/vision_interface/msg/detail
[91.320s] -- Installing: /home/booster/Workspace/Booster_T1_3v3_Demo/src/install/vision_interface/include/vision_interface/vision_interface/msg/detail/ball__traits.hpp
[91.321s] -- Installing: /home/booster/Workspace/Booster_T1_3v3_Demo/src/install/vision_interface/include/vision_interface/vision_interface/msg/detail/segmentation_result__traits.hpp
[91.321s] -- Installing: /home/booster/Workspace/Booster_T1_3v3_Demo/src/install/vision_interface/include/vision_interface/vision_interface/msg/detail/detected_object__type_support.hpp
[91.321s] -- Installing: /home/booster/Workspace/Booster_T1_3v3_Demo/src/install/vision_interface/include/vision_interface/vision_interface/msg/detail/segmentation_point__struct.hpp
[91.321s] -- Installing: /home/booster/Workspace/Booster_T1_3v3_Demo/src/install/vision_interface/include/vision_interface/vision_interface/msg/detail/line_segments__type_support.hpp
[91.322s] -- Installing: /home/booster/Workspace/Booster_T1_3v3_Demo/src/install/vision_interface/include/vision_interface/vision_interface/msg/detail/segmentation_result__builder.hpp
[91.322s] -- Installing: /home/booster/Workspace/Booster_T1_3v3_Demo/src/install/vision_interface/include/vision_interface/vision_interface/msg/detail/ball__builder.hpp
[91.322s] -- Installing: /home/booster/Workspace/Booster_T1_3v3_Demo/src/install/vision_interface/include/vision_interface/vision_interface/msg/detail/segmentation_line__traits.hpp
[91.323s] -- Installing: /home/booster/Workspace/Booster_T1_3v3_Demo/src/install/vision_interface/include/vision_interface/vision_interface/msg/detail/segmentation_point__type_support.hpp
[91.324s] -- Installing: /home/booster/Workspace/Booster_T1_3v3_Demo/src/install/vision_interface/include/vision_interface/vision_interface/msg/detail/cal_param__traits.hpp
[91.324s] -- Installing: /home/booster/Workspace/Booster_T1_3v3_Demo/src/install/vision_interface/include/vision_interface/vision_interface/msg/detail/detections__type_support.hpp
[91.324s] -- Installing: /home/booster/Workspace/Booster_T1_3v3_Demo/src/install/vision_interface/include/vision_interface/vision_interface/msg/detail/segmentation_result__struct.hpp
[91.325s] -- Installing: /home/booster/Workspace/Booster_T1_3v3_Demo/src/install/vision_interface/include/vision_interface/vision_interface/msg/detail/ball__type_support.hpp
[91.325s] -- Installing: /home/booster/Workspace/Booster_T1_3v3_Demo/src/install/vision_interface/include/vision_interface/vision_interface/msg/detail/detections_track__type_support.hpp
[91.325s] -- Installing: /home/booster/Workspace/Booster_T1_3v3_Demo/src/install/vision_interface/include/vision_interface/vision_interface/msg/detail/detections__struct.hpp
[91.326s] -- Installing: /home/booster/Workspace/Booster_T1_3v3_Demo/src/install/vision_interface/include/vision_interface/vision_interface/msg/detail/detected_object__builder.hpp
[91.326s] -- Installing: /home/booster/Workspace/Booster_T1_3v3_Demo/src/install/vision_interface/include/vision_interface/vision_interface/msg/detail/detected_object__traits.hpp
[91.327s] -- Installing: /home/booster/Workspace/Booster_T1_3v3_Demo/src/install/vision_interface/include/vision_interface/vision_interface/msg/detail/cal_param__type_support.hpp
[91.327s] -- Installing: /home/booster/Workspace/Booster_T1_3v3_Demo/src/install/vision_interface/include/vision_interface/vision_interface/msg/detail/detections__traits.hpp
[91.327s] -- Installing: /home/booster/Workspace/Booster_T1_3v3_Demo/src/install/vision_interface/include/vision_interface/vision_interface/msg/detail/image_head_position__struct.hpp
[91.328s] -- Installing: /home/booster/Workspace/Booster_T1_3v3_Demo/src/install/vision_interface/include/vision_interface/vision_interface/msg/detail/line_segments__struct.hpp
[91.329s] -- Installing: /home/booster/Workspace/Booster_T1_3v3_Demo/src/install/vision_interface/include/vision_interface/vision_interface/msg/detail/line_segments__traits.hpp
[91.329s] -- Installing: /home/booster/Workspace/Booster_T1_3v3_Demo/src/install/vision_interface/include/vision_interface/vision_interface/msg/detail/segmentation_line__builder.hpp
[91.330s] -- Installing: /home/booster/Workspace/Booster_T1_3v3_Demo/src/install/vision_interface/include/vision_interface/vision_interface/msg/detail/image_head_position__builder.hpp
[91.330s] -- Installing: /home/booster/Workspace/Booster_T1_3v3_Demo/src/install/vision_interface/include/vision_interface/vision_interface/msg/detail/ball__struct.hpp
[91.330s] -- Installing: /home/booster/Workspace/Booster_T1_3v3_Demo/src/install/vision_interface/include/vision_interface/vision_interface/msg/detail/segmentation_line__type_support.hpp
[91.331s] -- Installing: /home/booster/Workspace/Booster_T1_3v3_Demo/src/install/vision_interface/include/vision_interface/vision_interface/msg/detail/detections_track__struct.hpp
[91.332s] -- Installing: /home/booster/Workspace/Booster_T1_3v3_Demo/src/install/vision_interface/include/vision_interface/vision_interface/msg/detail/segmentation_point__builder.hpp
[91.332s] -- Installing: /home/booster/Workspace/Booster_T1_3v3_Demo/src/install/vision_interface/include/vision_interface/vision_interface/msg/detail/detections__builder.hpp
[91.332s] -- Installing: /home/booster/Workspace/Booster_T1_3v3_Demo/src/install/vision_interface/include/vision_interface/vision_interface/msg/detail/cal_param__builder.hpp
[91.333s] -- Installing: /home/booster/Workspace/Booster_T1_3v3_Demo/src/install/vision_interface/include/vision_interface/vision_interface/msg/detail/cal_param__struct.hpp
[91.333s] -- Installing: /home/booster/Workspace/Booster_T1_3v3_Demo/src/install/vision_interface/include/vision_interface/vision_interface/msg/detail/segmentation_result__type_support.hpp
[91.334s] -- Installing: /home/booster/Workspace/Booster_T1_3v3_Demo/src/install/vision_interface/include/vision_interface/vision_interface/msg/detail/line_segments__builder.hpp
[91.335s] -- Installing: /home/booster/Workspace/Booster_T1_3v3_Demo/src/install/vision_interface/include/vision_interface/vision_interface/msg/detail/image_head_position__traits.hpp
[91.335s] -- Installing: /home/booster/Workspace/Booster_T1_3v3_Demo/src/install/vision_interface/include/vision_interface/vision_interface/msg/detail/detected_object__struct.hpp
[91.335s] -- Installing: /home/booster/Workspace/Booster_T1_3v3_Demo/src/install/vision_interface/include/vision_interface/vision_interface/msg/detail/detections_track__traits.hpp
[91.336s] -- Installing: /home/booster/Workspace/Booster_T1_3v3_Demo/src/install/vision_interface/include/vision_interface/vision_interface/msg/detail/segmentation_point__traits.hpp
[91.336s] -- Installing: /home/booster/Workspace/Booster_T1_3v3_Demo/src/install/vision_interface/include/vision_interface/vision_interface/msg/detail/image_head_position__type_support.hpp
[91.336s] -- Installing: /home/booster/Workspace/Booster_T1_3v3_Demo/src/install/vision_interface/include/vision_interface/vision_interface/msg/detail/segmentation_line__struct.hpp
[91.337s] -- Installing: /home/booster/Workspace/Booster_T1_3v3_Demo/src/install/vision_interface/include/vision_interface/vision_interface/msg/detail/detections_track__builder.hpp
[91.337s] -- Installing: /home/booster/Workspace/Booster_T1_3v3_Demo/src/install/vision_interface/include/vision_interface/vision_interface/msg/line_segments.hpp
[91.338s] -- Installing: /home/booster/Workspace/Booster_T1_3v3_Demo/src/install/vision_interface/include/vision_interface/vision_interface/msg/image_head_position.hpp
[91.338s] -- Installing: /home/booster/Workspace/Booster_T1_3v3_Demo/src/install/vision_interface/include/vision_interface/vision_interface/msg/cal_param.hpp
[91.339s] -- Installing: /home/booster/Workspace/Booster_T1_3v3_Demo/src/install/vision_interface/include/vision_interface/vision_interface/msg/ball.hpp
[91.339s] -- Installing: /home/booster/Workspace/Booster_T1_3v3_Demo/src/install/vision_interface/include/vision_interface/vision_interface/msg/detections_track.hpp
[91.339s] -- Installing: /home/booster/Workspace/Booster_T1_3v3_Demo/src/install/vision_interface/include/vision_interface/vision_interface/msg/rosidl_generator_cpp__visibility_control.hpp
[91.340s] -- Installing: /home/booster/Workspace/Booster_T1_3v3_Demo/src/install/vision_interface/include/vision_interface/vision_interface/msg/detections.hpp
[91.340s] -- Installing: /home/booster/Workspace/Booster_T1_3v3_Demo/src/install/vision_interface/include/vision_interface/vision_interface/msg/detected_object.hpp
[91.341s] -- Installing: /home/booster/Workspace/Booster_T1_3v3_Demo/src/install/vision_interface/include/vision_interface/vision_interface/msg/segmentation_result.hpp
[91.341s] -- Up-to-date: /home/booster/Workspace/Booster_T1_3v3_Demo/src/install/vision_interface/include/vision_interface/vision_interface
[91.341s] -- Up-to-date: /home/booster/Workspace/Booster_T1_3v3_Demo/src/install/vision_interface/include/vision_interface/vision_interface/msg
[91.342s] -- Up-to-date: /home/booster/Workspace/Booster_T1_3v3_Demo/src/install/vision_interface/include/vision_interface/vision_interface/msg/detail
[91.342s] -- Installing: /home/booster/Workspace/Booster_T1_3v3_Demo/src/install/vision_interface/include/vision_interface/vision_interface/msg/detail/image_head_position__rosidl_typesupport_fastrtps_cpp.hpp
[91.342s] -- Installing: /home/booster/Workspace/Booster_T1_3v3_Demo/src/install/vision_interface/include/vision_interface/vision_interface/msg/detail/line_segments__rosidl_typesupport_fastrtps_cpp.hpp
[91.343s] -- Installing: /home/booster/Workspace/Booster_T1_3v3_Demo/src/install/vision_interface/include/vision_interface/vision_interface/msg/detail/detected_object__rosidl_typesupport_fastrtps_cpp.hpp
[91.343s] -- Installing: /home/booster/Workspace/Booster_T1_3v3_Demo/src/install/vision_interface/include/vision_interface/vision_interface/msg/detail/cal_param__rosidl_typesupport_fastrtps_cpp.hpp
[91.344s] -- Installing: /home/booster/Workspace/Booster_T1_3v3_Demo/src/install/vision_interface/include/vision_interface/vision_interface/msg/detail/segmentation_point__rosidl_typesupport_fastrtps_cpp.hpp
[91.344s] -- Installing: /home/booster/Workspace/Booster_T1_3v3_Demo/src/install/vision_interface/include/vision_interface/vision_interface/msg/detail/dds_fastrtps
[91.345s] -- Installing: /home/booster/Workspace/Booster_T1_3v3_Demo/src/install/vision_interface/include/vision_interface/vision_interface/msg/detail/segmentation_result__rosidl_typesupport_fastrtps_cpp.hpp
[91.347s] -- Installing: /home/booster/Workspace/Booster_T1_3v3_Demo/src/install/vision_interface/include/vision_interface/vision_interface/msg/detail/detections_track__rosidl_typesupport_fastrtps_cpp.hpp
[91.347s] -- Installing: /home/booster/Workspace/Booster_T1_3v3_Demo/src/install/vision_interface/include/vision_interface/vision_interface/msg/detail/detections__rosidl_typesupport_fastrtps_cpp.hpp
[91.347s] -- Installing: /home/booster/Workspace/Booster_T1_3v3_Demo/src/install/vision_interface/include/vision_interface/vision_interface/msg/detail/segmentation_line__rosidl_typesupport_fastrtps_cpp.hpp
[91.347s] -- Installing: /home/booster/Workspace/Booster_T1_3v3_Demo/src/install/vision_interface/include/vision_interface/vision_interface/msg/detail/ball__rosidl_typesupport_fastrtps_cpp.hpp
[91.347s] -- Installing: /home/booster/Workspace/Booster_T1_3v3_Demo/src/install/vision_interface/include/vision_interface/vision_interface/msg/rosidl_typesupport_fastrtps_cpp__visibility_control.h
[91.348s] -- Installing: /home/booster/Workspace/Booster_T1_3v3_Demo/src/install/vision_interface/lib/libvision_interface__rosidl_typesupport_fastrtps_cpp.so
[91.350s] -- Set runtime path of "/home/booster/Workspace/Booster_T1_3v3_Demo/src/install/vision_interface/lib/libvision_interface__rosidl_typesupport_fastrtps_cpp.so" to ""
[91.350s] -- Up-to-date: /home/booster/Workspace/Booster_T1_3v3_Demo/src/install/vision_interface/include/vision_interface/vision_interface
[91.350s] -- Up-to-date: /home/booster/Workspace/Booster_T1_3v3_Demo/src/install/vision_interface/include/vision_interface/vision_interface/msg
[91.350s] -- Up-to-date: /home/booster/Workspace/Booster_T1_3v3_Demo/src/install/vision_interface/include/vision_interface/vision_interface/msg/detail
[91.350s] -- Installing: /home/booster/Workspace/Booster_T1_3v3_Demo/src/install/vision_interface/include/vision_interface/vision_interface/msg/detail/line_segments__rosidl_typesupport_introspection_c.h
[91.350s] -- Installing: /home/booster/Workspace/Booster_T1_3v3_Demo/src/install/vision_interface/include/vision_interface/vision_interface/msg/detail/segmentation_point__type_support.c
[91.351s] -- Installing: /home/booster/Workspace/Booster_T1_3v3_Demo/src/install/vision_interface/include/vision_interface/vision_interface/msg/detail/detections__type_support.c
[91.351s] -- Installing: /home/booster/Workspace/Booster_T1_3v3_Demo/src/install/vision_interface/include/vision_interface/vision_interface/msg/detail/image_head_position__rosidl_typesupport_introspection_c.h
[91.352s] -- Installing: /home/booster/Workspace/Booster_T1_3v3_Demo/src/install/vision_interface/include/vision_interface/vision_interface/msg/detail/line_segments__type_support.c
[91.352s] -- Installing: /home/booster/Workspace/Booster_T1_3v3_Demo/src/install/vision_interface/include/vision_interface/vision_interface/msg/detail/image_head_position__type_support.c
[91.353s] -- Installing: /home/booster/Workspace/Booster_T1_3v3_Demo/src/install/vision_interface/include/vision_interface/vision_interface/msg/detail/segmentation_line__type_support.c
[91.354s] -- Installing: /home/booster/Workspace/Booster_T1_3v3_Demo/src/install/vision_interface/include/vision_interface/vision_interface/msg/detail/ball__type_support.c
[91.354s] -- Installing: /home/booster/Workspace/Booster_T1_3v3_Demo/src/install/vision_interface/include/vision_interface/vision_interface/msg/detail/segmentation_line__rosidl_typesupport_introspection_c.h
[91.354s] -- Installing: /home/booster/Workspace/Booster_T1_3v3_Demo/src/install/vision_interface/include/vision_interface/vision_interface/msg/detail/detections_track__rosidl_typesupport_introspection_c.h
[91.355s] -- Installing: /home/booster/Workspace/Booster_T1_3v3_Demo/src/install/vision_interface/include/vision_interface/vision_interface/msg/detail/segmentation_result__rosidl_typesupport_introspection_c.h
[91.355s] -- Installing: /home/booster/Workspace/Booster_T1_3v3_Demo/src/install/vision_interface/include/vision_interface/vision_interface/msg/detail/detected_object__type_support.c
[91.356s] -- Installing: /home/booster/Workspace/Booster_T1_3v3_Demo/src/install/vision_interface/include/vision_interface/vision_interface/msg/detail/detected_object__rosidl_typesupport_introspection_c.h
[91.357s] -- Installing: /home/booster/Workspace/Booster_T1_3v3_Demo/src/install/vision_interface/include/vision_interface/vision_interface/msg/detail/cal_param__rosidl_typesupport_introspection_c.h
[91.357s] -- Installing: /home/booster/Workspace/Booster_T1_3v3_Demo/src/install/vision_interface/include/vision_interface/vision_interface/msg/detail/ball__rosidl_typesupport_introspection_c.h
[91.357s] -- Installing: /home/booster/Workspace/Booster_T1_3v3_Demo/src/install/vision_interface/include/vision_interface/vision_interface/msg/detail/segmentation_point__rosidl_typesupport_introspection_c.h
[91.357s] -- Installing: /home/booster/Workspace/Booster_T1_3v3_Demo/src/install/vision_interface/include/vision_interface/vision_interface/msg/detail/segmentation_result__type_support.c
[91.358s] -- Installing: /home/booster/Workspace/Booster_T1_3v3_Demo/src/install/vision_interface/include/vision_interface/vision_interface/msg/detail/detections_track__type_support.c
[91.358s] -- Installing: /home/booster/Workspace/Booster_T1_3v3_Demo/src/install/vision_interface/include/vision_interface/vision_interface/msg/detail/cal_param__type_support.c
[91.359s] -- Installing: /home/booster/Workspace/Booster_T1_3v3_Demo/src/install/vision_interface/include/vision_interface/vision_interface/msg/detail/detections__rosidl_typesupport_introspection_c.h
[91.360s] -- Installing: /home/booster/Workspace/Booster_T1_3v3_Demo/src/install/vision_interface/include/vision_interface/vision_interface/msg/rosidl_typesupport_introspection_c__visibility_control.h
[91.360s] -- Installing: /home/booster/Workspace/Booster_T1_3v3_Demo/src/install/vision_interface/lib/libvision_interface__rosidl_typesupport_introspection_c.so
[91.366s] -- Set runtime path of "/home/booster/Workspace/Booster_T1_3v3_Demo/src/install/vision_interface/lib/libvision_interface__rosidl_typesupport_introspection_c.so" to ""
[91.366s] -- Installing: /home/booster/Workspace/Booster_T1_3v3_Demo/src/install/vision_interface/lib/libvision_interface__rosidl_typesupport_c.so
[91.370s] -- Set runtime path of "/home/booster/Workspace/Booster_T1_3v3_Demo/src/install/vision_interface/lib/libvision_interface__rosidl_typesupport_c.so" to ""
[91.371s] -- Up-to-date: /home/booster/Workspace/Booster_T1_3v3_Demo/src/install/vision_interface/include/vision_interface/vision_interface
[91.371s] -- Up-to-date: /home/booster/Workspace/Booster_T1_3v3_Demo/src/install/vision_interface/include/vision_interface/vision_interface/msg
[91.371s] -- Up-to-date: /home/booster/Workspace/Booster_T1_3v3_Demo/src/install/vision_interface/include/vision_interface/vision_interface/msg/detail
[91.371s] -- Installing: /home/booster/Workspace/Booster_T1_3v3_Demo/src/install/vision_interface/include/vision_interface/vision_interface/msg/detail/segmentation_line__type_support.cpp
[91.372s] -- Installing: /home/booster/Workspace/Booster_T1_3v3_Demo/src/install/vision_interface/include/vision_interface/vision_interface/msg/detail/detections_track__rosidl_typesupport_introspection_cpp.hpp
[91.373s] -- Installing: /home/booster/Workspace/Booster_T1_3v3_Demo/src/install/vision_interface/include/vision_interface/vision_interface/msg/detail/image_head_position__rosidl_typesupport_introspection_cpp.hpp
[91.373s] -- Installing: /home/booster/Workspace/Booster_T1_3v3_Demo/src/install/vision_interface/include/vision_interface/vision_interface/msg/detail/detections__type_support.cpp
[91.374s] -- Installing: /home/booster/Workspace/Booster_T1_3v3_Demo/src/install/vision_interface/include/vision_interface/vision_interface/msg/detail/line_segments__type_support.cpp
[91.374s] -- Installing: /home/booster/Workspace/Booster_T1_3v3_Demo/src/install/vision_interface/include/vision_interface/vision_interface/msg/detail/detected_object__type_support.cpp
[91.375s] -- Installing: /home/booster/Workspace/Booster_T1_3v3_Demo/src/install/vision_interface/include/vision_interface/vision_interface/msg/detail/detections__rosidl_typesupport_introspection_cpp.hpp
[91.375s] -- Installing: /home/booster/Workspace/Booster_T1_3v3_Demo/src/install/vision_interface/include/vision_interface/vision_interface/msg/detail/segmentation_result__type_support.cpp
[91.376s] -- Installing: /home/booster/Workspace/Booster_T1_3v3_Demo/src/install/vision_interface/include/vision_interface/vision_interface/msg/detail/ball__type_support.cpp
[91.376s] -- Installing: /home/booster/Workspace/Booster_T1_3v3_Demo/src/install/vision_interface/include/vision_interface/vision_interface/msg/detail/cal_param__type_support.cpp
[91.377s] -- Installing: /home/booster/Workspace/Booster_T1_3v3_Demo/src/install/vision_interface/include/vision_interface/vision_interface/msg/detail/cal_param__rosidl_typesupport_introspection_cpp.hpp
[91.377s] -- Installing: /home/booster/Workspace/Booster_T1_3v3_Demo/src/install/vision_interface/include/vision_interface/vision_interface/msg/detail/ball__rosidl_typesupport_introspection_cpp.hpp
[91.377s] -- Installing: /home/booster/Workspace/Booster_T1_3v3_Demo/src/install/vision_interface/include/vision_interface/vision_interface/msg/detail/segmentation_line__rosidl_typesupport_introspection_cpp.hpp
[91.378s] -- Installing: /home/booster/Workspace/Booster_T1_3v3_Demo/src/install/vision_interface/include/vision_interface/vision_interface/msg/detail/detected_object__rosidl_typesupport_introspection_cpp.hpp
[91.378s] -- Installing: /home/booster/Workspace/Booster_T1_3v3_Demo/src/install/vision_interface/include/vision_interface/vision_interface/msg/detail/segmentation_point__type_support.cpp
[91.379s] -- Installing: /home/booster/Workspace/Booster_T1_3v3_Demo/src/install/vision_interface/include/vision_interface/vision_interface/msg/detail/image_head_position__type_support.cpp
[91.379s] -- Installing: /home/booster/Workspace/Booster_T1_3v3_Demo/src/install/vision_interface/include/vision_interface/vision_interface/msg/detail/segmentation_point__rosidl_typesupport_introspection_cpp.hpp
[91.380s] -- Installing: /home/booster/Workspace/Booster_T1_3v3_Demo/src/install/vision_interface/include/vision_interface/vision_interface/msg/detail/segmentation_result__rosidl_typesupport_introspection_cpp.hpp
[91.380s] -- Installing: /home/booster/Workspace/Booster_T1_3v3_Demo/src/install/vision_interface/include/vision_interface/vision_interface/msg/detail/detections_track__type_support.cpp
[91.380s] -- Installing: /home/booster/Workspace/Booster_T1_3v3_Demo/src/install/vision_interface/include/vision_interface/vision_interface/msg/detail/line_segments__rosidl_typesupport_introspection_cpp.hpp
[91.381s] -- Installing: /home/booster/Workspace/Booster_T1_3v3_Demo/src/install/vision_interface/lib/libvision_interface__rosidl_typesupport_introspection_cpp.so
[91.393s] -- Set runtime path of "/home/booster/Workspace/Booster_T1_3v3_Demo/src/install/vision_interface/lib/libvision_interface__rosidl_typesupport_introspection_cpp.so" to ""
[91.393s] -- Installing: /home/booster/Workspace/Booster_T1_3v3_Demo/src/install/vision_interface/lib/libvision_interface__rosidl_typesupport_cpp.so
[91.398s] -- Set runtime path of "/home/booster/Workspace/Booster_T1_3v3_Demo/src/install/vision_interface/lib/libvision_interface__rosidl_typesupport_cpp.so" to ""
[91.398s] -- Installing: /home/booster/Workspace/Booster_T1_3v3_Demo/src/install/vision_interface/share/vision_interface/environment/pythonpath.sh
[91.399s] -- Installing: /home/booster/Workspace/Booster_T1_3v3_Demo/src/install/vision_interface/share/vision_interface/environment/pythonpath.dsv
[91.399s] -- Installing: /home/booster/Workspace/Booster_T1_3v3_Demo/src/install/vision_interface/local/lib/python3.10/dist-packages/vision_interface-1.0.0-py3.10.egg-info
[91.401s] -- Installing: /home/booster/Workspace/Booster_T1_3v3_Demo/src/install/vision_interface/local/lib/python3.10/dist-packages/vision_interface-1.0.0-py3.10.egg-info/dependency_links.txt
[91.403s] -- Installing: /home/booster/Workspace/Booster_T1_3v3_Demo/src/install/vision_interface/local/lib/python3.10/dist-packages/vision_interface-1.0.0-py3.10.egg-info/PKG-INFO
[91.406s] -- Installing: /home/booster/Workspace/Booster_T1_3v3_Demo/src/install/vision_interface/local/lib/python3.10/dist-packages/vision_interface-1.0.0-py3.10.egg-info/top_level.txt
[91.408s] -- Installing: /home/booster/Workspace/Booster_T1_3v3_Demo/src/install/vision_interface/local/lib/python3.10/dist-packages/vision_interface-1.0.0-py3.10.egg-info/SOURCES.txt
[91.409s] -- Installing: /home/booster/Workspace/Booster_T1_3v3_Demo/src/install/vision_interface/local/lib/python3.10/dist-packages/vision_interface
[91.409s] -- Installing: /home/booster/Workspace/Booster_T1_3v3_Demo/src/install/vision_interface/local/lib/python3.10/dist-packages/vision_interface/__init__.py
[91.411s] -- Installing: /home/booster/Workspace/Booster_T1_3v3_Demo/src/install/vision_interface/local/lib/python3.10/dist-packages/vision_interface/msg
[91.412s] -- Installing: /home/booster/Workspace/Booster_T1_3v3_Demo/src/install/vision_interface/local/lib/python3.10/dist-packages/vision_interface/msg/_segmentation_point.py
[91.412s] -- Installing: /home/booster/Workspace/Booster_T1_3v3_Demo/src/install/vision_interface/local/lib/python3.10/dist-packages/vision_interface/msg/__init__.py
[91.412s] -- Installing: /home/booster/Workspace/Booster_T1_3v3_Demo/src/install/vision_interface/local/lib/python3.10/dist-packages/vision_interface/msg/_segmentation_point_s.c
[91.413s] -- Installing: /home/booster/Workspace/Booster_T1_3v3_Demo/src/install/vision_interface/local/lib/python3.10/dist-packages/vision_interface/msg/_cal_param.py
[91.413s] -- Installing: /home/booster/Workspace/Booster_T1_3v3_Demo/src/install/vision_interface/local/lib/python3.10/dist-packages/vision_interface/msg/_segmentation_result_s.c
[91.415s] -- Installing: /home/booster/Workspace/Booster_T1_3v3_Demo/src/install/vision_interface/local/lib/python3.10/dist-packages/vision_interface/msg/_image_head_position_s.c
[91.416s] -- Installing: /home/booster/Workspace/Booster_T1_3v3_Demo/src/install/vision_interface/local/lib/python3.10/dist-packages/vision_interface/msg/_ball_s.c
[91.416s] -- Installing: /home/booster/Workspace/Booster_T1_3v3_Demo/src/install/vision_interface/local/lib/python3.10/dist-packages/vision_interface/msg/_detected_object_s.c
[91.416s] -- Installing: /home/booster/Workspace/Booster_T1_3v3_Demo/src/install/vision_interface/local/lib/python3.10/dist-packages/vision_interface/msg/_cal_param_s.c
[91.416s] -- Installing: /home/booster/Workspace/Booster_T1_3v3_Demo/src/install/vision_interface/local/lib/python3.10/dist-packages/vision_interface/msg/_image_head_position.py
[91.419s] -- Installing: /home/booster/Workspace/Booster_T1_3v3_Demo/src/install/vision_interface/local/lib/python3.10/dist-packages/vision_interface/msg/_line_segments_s.c
[91.419s] -- Installing: /home/booster/Workspace/Booster_T1_3v3_Demo/src/install/vision_interface/local/lib/python3.10/dist-packages/vision_interface/msg/_detections_s.c
[91.419s] -- Installing: /home/booster/Workspace/Booster_T1_3v3_Demo/src/install/vision_interface/local/lib/python3.10/dist-packages/vision_interface/msg/_detections.py
[91.421s] -- Installing: /home/booster/Workspace/Booster_T1_3v3_Demo/src/install/vision_interface/local/lib/python3.10/dist-packages/vision_interface/msg/_segmentation_result.py
[91.423s] -- Installing: /home/booster/Workspace/Booster_T1_3v3_Demo/src/install/vision_interface/local/lib/python3.10/dist-packages/vision_interface/msg/_line_segments.py
[91.423s] -- Installing: /home/booster/Workspace/Booster_T1_3v3_Demo/src/install/vision_interface/local/lib/python3.10/dist-packages/vision_interface/msg/_ball.py
[91.423s] -- Installing: /home/booster/Workspace/Booster_T1_3v3_Demo/src/install/vision_interface/local/lib/python3.10/dist-packages/vision_interface/msg/_detections_track.py
[91.423s] -- Installing: /home/booster/Workspace/Booster_T1_3v3_Demo/src/install/vision_interface/local/lib/python3.10/dist-packages/vision_interface/msg/_detections_track_s.c
[91.426s] -- Installing: /home/booster/Workspace/Booster_T1_3v3_Demo/src/install/vision_interface/local/lib/python3.10/dist-packages/vision_interface/msg/_segmentation_line.py
[91.426s] -- Installing: /home/booster/Workspace/Booster_T1_3v3_Demo/src/install/vision_interface/local/lib/python3.10/dist-packages/vision_interface/msg/_detected_object.py
[91.426s] -- Installing: /home/booster/Workspace/Booster_T1_3v3_Demo/src/install/vision_interface/local/lib/python3.10/dist-packages/vision_interface/msg/_segmentation_line_s.c
[91.426s] -- Installing: /home/booster/Workspace/Booster_T1_3v3_Demo/src/install/vision_interface/local/lib/python3.10/dist-packages/vision_interface/_vision_interface_s.ep.rosidl_typesupport_c.c
[91.428s] -- Installing: /home/booster/Workspace/Booster_T1_3v3_Demo/src/install/vision_interface/local/lib/python3.10/dist-packages/vision_interface/libvision_interface__rosidl_generator_py.so
[91.430s] -- Installing: /home/booster/Workspace/Booster_T1_3v3_Demo/src/install/vision_interface/local/lib/python3.10/dist-packages/vision_interface/_vision_interface_s.ep.rosidl_typesupport_fastrtps_c.c
[91.430s] -- Installing: /home/booster/Workspace/Booster_T1_3v3_Demo/src/install/vision_interface/local/lib/python3.10/dist-packages/vision_interface/vision_interface_s__rosidl_typesupport_c.cpython-310-aarch64-linux-gnu.so
[91.431s] -- Installing: /home/booster/Workspace/Booster_T1_3v3_Demo/src/install/vision_interface/local/lib/python3.10/dist-packages/vision_interface/vision_interface_s__rosidl_typesupport_fastrtps_c.cpython-310-aarch64-linux-gnu.so
[91.431s] -- Installing: /home/booster/Workspace/Booster_T1_3v3_Demo/src/install/vision_interface/local/lib/python3.10/dist-packages/vision_interface/vision_interface_s__rosidl_typesupport_introspection_c.cpython-310-aarch64-linux-gnu.so
[91.433s] -- Installing: /home/booster/Workspace/Booster_T1_3v3_Demo/src/install/vision_interface/local/lib/python3.10/dist-packages/vision_interface/_vision_interface_s.ep.rosidl_typesupport_introspection_c.c
[91.528s] Listing '/home/booster/Workspace/Booster_T1_3v3_Demo/src/install/vision_interface/local/lib/python3.10/dist-packages/vision_interface'...
[91.528s] Compiling '/home/booster/Workspace/Booster_T1_3v3_Demo/src/install/vision_interface/local/lib/python3.10/dist-packages/vision_interface/__init__.py'...
[91.529s] Listing '/home/booster/Workspace/Booster_T1_3v3_Demo/src/install/vision_interface/local/lib/python3.10/dist-packages/vision_interface/msg'...
[91.529s] Compiling '/home/booster/Workspace/Booster_T1_3v3_Demo/src/install/vision_interface/local/lib/python3.10/dist-packages/vision_interface/msg/__init__.py'...
[91.529s] Compiling '/home/booster/Workspace/Booster_T1_3v3_Demo/src/install/vision_interface/local/lib/python3.10/dist-packages/vision_interface/msg/_ball.py'...
[91.529s] Compiling '/home/booster/Workspace/Booster_T1_3v3_Demo/src/install/vision_interface/local/lib/python3.10/dist-packages/vision_interface/msg/_cal_param.py'...
[91.529s] Compiling '/home/booster/Workspace/Booster_T1_3v3_Demo/src/install/vision_interface/local/lib/python3.10/dist-packages/vision_interface/msg/_detected_object.py'...
[91.529s] Compiling '/home/booster/Workspace/Booster_T1_3v3_Demo/src/install/vision_interface/local/lib/python3.10/dist-packages/vision_interface/msg/_detections.py'...
[91.529s] Compiling '/home/booster/Workspace/Booster_T1_3v3_Demo/src/install/vision_interface/local/lib/python3.10/dist-packages/vision_interface/msg/_detections_track.py'...
[91.529s] Compiling '/home/booster/Workspace/Booster_T1_3v3_Demo/src/install/vision_interface/local/lib/python3.10/dist-packages/vision_interface/msg/_image_head_position.py'...
[91.529s] Compiling '/home/booster/Workspace/Booster_T1_3v3_Demo/src/install/vision_interface/local/lib/python3.10/dist-packages/vision_interface/msg/_line_segments.py'...
[91.529s] Compiling '/home/booster/Workspace/Booster_T1_3v3_Demo/src/install/vision_interface/local/lib/python3.10/dist-packages/vision_interface/msg/_segmentation_line.py'...
[91.530s] Compiling '/home/booster/Workspace/Booster_T1_3v3_Demo/src/install/vision_interface/local/lib/python3.10/dist-packages/vision_interface/msg/_segmentation_point.py'...
[91.530s] Compiling '/home/booster/Workspace/Booster_T1_3v3_Demo/src/install/vision_interface/local/lib/python3.10/dist-packages/vision_interface/msg/_segmentation_result.py'...
[91.543s] -- Installing: /home/booster/Workspace/Booster_T1_3v3_Demo/src/install/vision_interface/local/lib/python3.10/dist-packages/vision_interface/vision_interface_s__rosidl_typesupport_fastrtps_c.cpython-310-aarch64-linux-gnu.so
[91.543s] -- Set runtime path of "/home/booster/Workspace/Booster_T1_3v3_Demo/src/install/vision_interface/local/lib/python3.10/dist-packages/vision_interface/vision_interface_s__rosidl_typesupport_fastrtps_c.cpython-310-aarch64-linux-gnu.so" to ""
[91.543s] -- Installing: /home/booster/Workspace/Booster_T1_3v3_Demo/src/install/vision_interface/local/lib/python3.10/dist-packages/vision_interface/vision_interface_s__rosidl_typesupport_introspection_c.cpython-310-aarch64-linux-gnu.so
[91.544s] -- Set runtime path of "/home/booster/Workspace/Booster_T1_3v3_Demo/src/install/vision_interface/local/lib/python3.10/dist-packages/vision_interface/vision_interface_s__rosidl_typesupport_introspection_c.cpython-310-aarch64-linux-gnu.so" to ""
[91.544s] -- Installing: /home/booster/Workspace/Booster_T1_3v3_Demo/src/install/vision_interface/local/lib/python3.10/dist-packages/vision_interface/vision_interface_s__rosidl_typesupport_c.cpython-310-aarch64-linux-gnu.so
[91.545s] -- Set runtime path of "/home/booster/Workspace/Booster_T1_3v3_Demo/src/install/vision_interface/local/lib/python3.10/dist-packages/vision_interface/vision_interface_s__rosidl_typesupport_c.cpython-310-aarch64-linux-gnu.so" to ""
[91.545s] -- Installing: /home/booster/Workspace/Booster_T1_3v3_Demo/src/install/vision_interface/lib/libvision_interface__rosidl_generator_py.so
[91.546s] -- Set runtime path of "/home/booster/Workspace/Booster_T1_3v3_Demo/src/install/vision_interface/lib/libvision_interface__rosidl_generator_py.so" to ""
[91.546s] -- Installing: /home/booster/Workspace/Booster_T1_3v3_Demo/src/install/vision_interface/share/vision_interface/msg/DetectedObject.idl
[91.546s] -- Installing: /home/booster/Workspace/Booster_T1_3v3_Demo/src/install/vision_interface/share/vision_interface/msg/Detections.idl
[91.546s] -- Installing: /home/booster/Workspace/Booster_T1_3v3_Demo/src/install/vision_interface/share/vision_interface/msg/LineSegments.idl
[91.547s] -- Installing: /home/booster/Workspace/Booster_T1_3v3_Demo/src/install/vision_interface/share/vision_interface/msg/CalParam.idl
[91.547s] -- Installing: /home/booster/Workspace/Booster_T1_3v3_Demo/src/install/vision_interface/share/vision_interface/msg/DetectionsTrack.idl
[91.547s] -- Installing: /home/booster/Workspace/Booster_T1_3v3_Demo/src/install/vision_interface/share/vision_interface/msg/SegmentationPoint.idl
[91.547s] -- Installing: /home/booster/Workspace/Booster_T1_3v3_Demo/src/install/vision_interface/share/vision_interface/msg/SegmentationLine.idl
[91.547s] -- Installing: /home/booster/Workspace/Booster_T1_3v3_Demo/src/install/vision_interface/share/vision_interface/msg/SegmentationResult.idl
[91.548s] -- Installing: /home/booster/Workspace/Booster_T1_3v3_Demo/src/install/vision_interface/share/vision_interface/msg/ImageHeadPosition.idl
[91.548s] -- Installing: /home/booster/Workspace/Booster_T1_3v3_Demo/src/install/vision_interface/share/vision_interface/msg/Ball.idl
[91.548s] -- Installing: /home/booster/Workspace/Booster_T1_3v3_Demo/src/install/vision_interface/share/vision_interface/msg/DetectedObject.msg
[91.549s] -- Installing: /home/booster/Workspace/Booster_T1_3v3_Demo/src/install/vision_interface/share/vision_interface/msg/Detections.msg
[91.549s] -- Installing: /home/booster/Workspace/Booster_T1_3v3_Demo/src/install/vision_interface/share/vision_interface/msg/LineSegments.msg
[91.549s] -- Installing: /home/booster/Workspace/Booster_T1_3v3_Demo/src/install/vision_interface/share/vision_interface/msg/CalParam.msg
[91.549s] -- Installing: /home/booster/Workspace/Booster_T1_3v3_Demo/src/install/vision_interface/share/vision_interface/msg/DetectionsTrack.msg
[91.549s] -- Installing: /home/booster/Workspace/Booster_T1_3v3_Demo/src/install/vision_interface/share/vision_interface/msg/SegmentationPoint.msg
[91.550s] -- Installing: /home/booster/Workspace/Booster_T1_3v3_Demo/src/install/vision_interface/share/vision_interface/msg/SegmentationLine.msg
[91.550s] -- Installing: /home/booster/Workspace/Booster_T1_3v3_Demo/src/install/vision_interface/share/vision_interface/msg/SegmentationResult.msg
[91.550s] -- Installing: /home/booster/Workspace/Booster_T1_3v3_Demo/src/install/vision_interface/share/vision_interface/msg/ImageHeadPosition.msg
[91.551s] -- Installing: /home/booster/Workspace/Booster_T1_3v3_Demo/src/install/vision_interface/share/vision_interface/msg/Ball.msg
[91.551s] -- Installing: /home/booster/Workspace/Booster_T1_3v3_Demo/src/install/vision_interface/share/ament_index/resource_index/package_run_dependencies/vision_interface
[91.551s] -- Installing: /home/booster/Workspace/Booster_T1_3v3_Demo/src/install/vision_interface/share/ament_index/resource_index/parent_prefix_path/vision_interface
[91.551s] -- Installing: /home/booster/Workspace/Booster_T1_3v3_Demo/src/install/vision_interface/share/vision_interface/environment/ament_prefix_path.sh
[91.552s] -- Installing: /home/booster/Workspace/Booster_T1_3v3_Demo/src/install/vision_interface/share/vision_interface/environment/ament_prefix_path.dsv
[91.552s] -- Installing: /home/booster/Workspace/Booster_T1_3v3_Demo/src/install/vision_interface/share/vision_interface/environment/path.sh
[91.552s] -- Installing: /home/booster/Workspace/Booster_T1_3v3_Demo/src/install/vision_interface/share/vision_interface/environment/path.dsv
[91.553s] -- Installing: /home/booster/Workspace/Booster_T1_3v3_Demo/src/install/vision_interface/share/vision_interface/local_setup.bash
[91.553s] -- Installing: /home/booster/Workspace/Booster_T1_3v3_Demo/src/install/vision_interface/share/vision_interface/local_setup.sh
[91.553s] -- Installing: /home/booster/Workspace/Booster_T1_3v3_Demo/src/install/vision_interface/share/vision_interface/local_setup.zsh
[91.553s] -- Installing: /home/booster/Workspace/Booster_T1_3v3_Demo/src/install/vision_interface/share/vision_interface/local_setup.dsv
[91.554s] -- Installing: /home/booster/Workspace/Booster_T1_3v3_Demo/src/install/vision_interface/share/vision_interface/package.dsv
[91.554s] -- Installing: /home/booster/Workspace/Booster_T1_3v3_Demo/src/install/vision_interface/share/ament_index/resource_index/packages/vision_interface
[91.554s] -- Installing: /home/booster/Workspace/Booster_T1_3v3_Demo/src/install/vision_interface/share/vision_interface/cmake/export_vision_interface__rosidl_generator_cExport.cmake
[91.555s] -- Installing: /home/booster/Workspace/Booster_T1_3v3_Demo/src/install/vision_interface/share/vision_interface/cmake/export_vision_interface__rosidl_generator_cExport-noconfig.cmake
[91.555s] -- Installing: /home/booster/Workspace/Booster_T1_3v3_Demo/src/install/vision_interface/share/vision_interface/cmake/export_vision_interface__rosidl_typesupport_fastrtps_cExport.cmake
[91.555s] -- Installing: /home/booster/Workspace/Booster_T1_3v3_Demo/src/install/vision_interface/share/vision_interface/cmake/export_vision_interface__rosidl_typesupport_fastrtps_cExport-noconfig.cmake
[91.556s] -- Installing: /home/booster/Workspace/Booster_T1_3v3_Demo/src/install/vision_interface/share/vision_interface/cmake/export_vision_interface__rosidl_generator_cppExport.cmake
[91.556s] -- Installing: /home/booster/Workspace/Booster_T1_3v3_Demo/src/install/vision_interface/share/vision_interface/cmake/export_vision_interface__rosidl_typesupport_fastrtps_cppExport.cmake
[91.557s] -- Installing: /home/booster/Workspace/Booster_T1_3v3_Demo/src/install/vision_interface/share/vision_interface/cmake/export_vision_interface__rosidl_typesupport_fastrtps_cppExport-noconfig.cmake
[91.557s] -- Installing: /home/booster/Workspace/Booster_T1_3v3_Demo/src/install/vision_interface/share/vision_interface/cmake/vision_interface__rosidl_typesupport_introspection_cExport.cmake
[91.557s] -- Installing: /home/booster/Workspace/Booster_T1_3v3_Demo/src/install/vision_interface/share/vision_interface/cmake/vision_interface__rosidl_typesupport_introspection_cExport-noconfig.cmake
[91.557s] -- Installing: /home/booster/Workspace/Booster_T1_3v3_Demo/src/install/vision_interface/share/vision_interface/cmake/vision_interface__rosidl_typesupport_cExport.cmake
[91.557s] -- Installing: /home/booster/Workspace/Booster_T1_3v3_Demo/src/install/vision_interface/share/vision_interface/cmake/vision_interface__rosidl_typesupport_cExport-noconfig.cmake
[91.558s] -- Installing: /home/booster/Workspace/Booster_T1_3v3_Demo/src/install/vision_interface/share/vision_interface/cmake/vision_interface__rosidl_typesupport_introspection_cppExport.cmake
[91.558s] -- Installing: /home/booster/Workspace/Booster_T1_3v3_Demo/src/install/vision_interface/share/vision_interface/cmake/vision_interface__rosidl_typesupport_introspection_cppExport-noconfig.cmake
[91.558s] -- Installing: /home/booster/Workspace/Booster_T1_3v3_Demo/src/install/vision_interface/share/vision_interface/cmake/vision_interface__rosidl_typesupport_cppExport.cmake
[91.559s] -- Installing: /home/booster/Workspace/Booster_T1_3v3_Demo/src/install/vision_interface/share/vision_interface/cmake/vision_interface__rosidl_typesupport_cppExport-noconfig.cmake
[91.559s] -- Installing: /home/booster/Workspace/Booster_T1_3v3_Demo/src/install/vision_interface/share/vision_interface/cmake/export_vision_interface__rosidl_generator_pyExport.cmake
[91.559s] -- Installing: /home/booster/Workspace/Booster_T1_3v3_Demo/src/install/vision_interface/share/vision_interface/cmake/export_vision_interface__rosidl_generator_pyExport-noconfig.cmake
[91.559s] -- Installing: /home/booster/Workspace/Booster_T1_3v3_Demo/src/install/vision_interface/share/vision_interface/cmake/rosidl_cmake-extras.cmake
[91.560s] -- Installing: /home/booster/Workspace/Booster_T1_3v3_Demo/src/install/vision_interface/share/vision_interface/cmake/ament_cmake_export_dependencies-extras.cmake
[91.560s] -- Installing: /home/booster/Workspace/Booster_T1_3v3_Demo/src/install/vision_interface/share/vision_interface/cmake/ament_cmake_export_include_directories-extras.cmake
[91.560s] -- Installing: /home/booster/Workspace/Booster_T1_3v3_Demo/src/install/vision_interface/share/vision_interface/cmake/ament_cmake_export_libraries-extras.cmake
[91.561s] -- Installing: /home/booster/Workspace/Booster_T1_3v3_Demo/src/install/vision_interface/share/vision_interface/cmake/ament_cmake_export_targets-extras.cmake
[91.562s] -- Installing: /home/booster/Workspace/Booster_T1_3v3_Demo/src/install/vision_interface/share/vision_interface/cmake/rosidl_cmake_export_typesupport_targets-extras.cmake
[91.562s] -- Installing: /home/booster/Workspace/Booster_T1_3v3_Demo/src/install/vision_interface/share/vision_interface/cmake/rosidl_cmake_export_typesupport_libraries-extras.cmake
[91.562s] -- Installing: /home/booster/Workspace/Booster_T1_3v3_Demo/src/install/vision_interface/share/vision_interface/cmake/vision_interfaceConfig.cmake
[91.562s] -- Installing: /home/booster/Workspace/Booster_T1_3v3_Demo/src/install/vision_interface/share/vision_interface/cmake/vision_interfaceConfig-version.cmake
[91.562s] -- Installing: /home/booster/Workspace/Booster_T1_3v3_Demo/src/install/vision_interface/share/vision_interface/package.xml
[91.567s] Invoked command in '/home/booster/Workspace/Booster_T1_3v3_Demo/src/build/vision_interface' returned '0': CMAKE_PREFIX_PATH=/opt/ros/humble /usr/bin/cmake --install /home/booster/Workspace/Booster_T1_3v3_Demo/src/build/vision_interface
