[0.060s] Invoking command in '/home/booster/Workspace/Booster_T1_3v3_Demo/build/brain': AMENT_PREFIX_PATH=/home/booster/Workspace/Booster_T1_3v3_Demo/install/vision_interface:/home/booster/Workspace/Booster_T1_3v3_Demo/install/game_controller_interface:/home/booster/Workspace/Booster_T1_3v3_Demo/install/booster_msgs:/home/booster/Workspace/Booster_T1_3v3_Demo/install/booster_interface:${AMENT_PREFIX_PATH} CMAKE_PREFIX_PATH=/home/booster/Workspace/Booster_T1_3v3_Demo/install/vision_interface:/home/booster/Workspace/Booster_T1_3v3_Demo/install/game_controller_interface:/home/booster/Workspace/Booster_T1_3v3_Demo/install/booster_msgs:/home/booster/Workspace/Booster_T1_3v3_Demo/install/booster_interface:/opt/ros/humble LD_LIBRARY_PATH=/home/booster/Workspace/Booster_T1_3v3_Demo/install/vision_interface/lib:/home/booster/Workspace/Booster_T1_3v3_Demo/install/game_controller_interface/lib:/home/booster/Workspace/Booster_T1_3v3_Demo/install/booster_msgs/lib:/home/booster/Workspace/Booster_T1_3v3_Demo/install/booster_interface/lib:${LD_LIBRARY_PATH} PYTHONPATH=/home/booster/Workspace/Booster_T1_3v3_Demo/install/vision_interface/local/lib/python3.10/dist-packages:/home/booster/Workspace/Booster_T1_3v3_Demo/install/game_controller_interface/local/lib/python3.10/dist-packages:/home/booster/Workspace/Booster_T1_3v3_Demo/install/booster_msgs/local/lib/python3.10/dist-packages:/home/booster/Workspace/Booster_T1_3v3_Demo/install/booster_interface/local/lib/python3.10/dist-packages:${PYTHONPATH} /usr/bin/cmake --build /home/booster/Workspace/Booster_T1_3v3_Demo/build/brain -- -j5 -l5
[0.260s] [  2%] Built target brain__cpp
[0.317s] [  2%] Built target ament_cmake_python_symlink_brain
[0.407s] [  9%] Built target brain__rosidl_typesupport_introspection_cpp
[1.130s] running egg_info
[1.133s] writing brain.egg-info/PKG-INFO
[1.133s] writing dependency_links to brain.egg-info/dependency_links.txt
[1.133s] writing top-level names to brain.egg-info/top_level.txt
[1.139s] reading manifest file 'brain.egg-info/SOURCES.txt'
[1.142s] writing manifest file 'brain.egg-info/SOURCES.txt'
[1.257s] [  9%] Built target ament_cmake_python_build_brain_egg
[1.384s] [ 17%] Built target brain__rosidl_typesupport_fastrtps_cpp
[1.470s] [ 24%] Built target brain__rosidl_typesupport_cpp
[1.551s] [ 31%] Built target brain__rosidl_generator_c
[1.661s] [35m[1mConsolidate compiler generated dependencies of target brain_node[0m
[1.808s] [ 34%] [32mBuilding CXX object CMakeFiles/brain_node.dir/src/brain_tree.cpp.o[0m
[6.988s] gmake[2]: *** wait: No child processes.  Stop.
[6.989s] gmake[2]: *** Waiting for unfinished jobs....
[6.989s] gmake[2]: *** wait: No child processes.  Stop.
[6.989s] gmake[1]: *** [CMakeFiles/Makefile2:593: CMakeFiles/brain_node.dir/all] Error 2
[6.989s] gmake: *** [Makefile:146: all] Interrupt
[7.045s] Invoked command in '/home/booster/Workspace/Booster_T1_3v3_Demo/build/brain' returned '-2': AMENT_PREFIX_PATH=/home/booster/Workspace/Booster_T1_3v3_Demo/install/vision_interface:/home/booster/Workspace/Booster_T1_3v3_Demo/install/game_controller_interface:/home/booster/Workspace/Booster_T1_3v3_Demo/install/booster_msgs:/home/booster/Workspace/Booster_T1_3v3_Demo/install/booster_interface:${AMENT_PREFIX_PATH} CMAKE_PREFIX_PATH=/home/booster/Workspace/Booster_T1_3v3_Demo/install/vision_interface:/home/booster/Workspace/Booster_T1_3v3_Demo/install/game_controller_interface:/home/booster/Workspace/Booster_T1_3v3_Demo/install/booster_msgs:/home/booster/Workspace/Booster_T1_3v3_Demo/install/booster_interface:/opt/ros/humble LD_LIBRARY_PATH=/home/booster/Workspace/Booster_T1_3v3_Demo/install/vision_interface/lib:/home/booster/Workspace/Booster_T1_3v3_Demo/install/game_controller_interface/lib:/home/booster/Workspace/Booster_T1_3v3_Demo/install/booster_msgs/lib:/home/booster/Workspace/Booster_T1_3v3_Demo/install/booster_interface/lib:${LD_LIBRARY_PATH} PYTHONPATH=/home/booster/Workspace/Booster_T1_3v3_Demo/install/vision_interface/local/lib/python3.10/dist-packages:/home/booster/Workspace/Booster_T1_3v3_Demo/install/game_controller_interface/local/lib/python3.10/dist-packages:/home/booster/Workspace/Booster_T1_3v3_Demo/install/booster_msgs/local/lib/python3.10/dist-packages:/home/booster/Workspace/Booster_T1_3v3_Demo/install/booster_interface/local/lib/python3.10/dist-packages:${PYTHONPATH} /usr/bin/cmake --build /home/booster/Workspace/Booster_T1_3v3_Demo/build/brain -- -j5 -l5
