[0.094s] Invoking command in '/home/booster/Workspace/Booster_T1_3v3_Demo/build/brain': AMENT_PREFIX_PATH=/home/booster/Workspace/Booster_T1_3v3_Demo/install/vision_interface:/home/booster/Workspace/Booster_T1_3v3_Demo/install/game_controller_interface:/home/booster/Workspace/Booster_T1_3v3_Demo/install/booster_msgs:/home/booster/Workspace/Booster_T1_3v3_Demo/install/booster_interface:${AMENT_PREFIX_PATH} CMAKE_PREFIX_PATH=/home/booster/Workspace/Booster_T1_3v3_Demo/install/vision_interface:/home/booster/Workspace/Booster_T1_3v3_Demo/install/game_controller_interface:/home/booster/Workspace/Booster_T1_3v3_Demo/install/booster_msgs:/home/booster/Workspace/Booster_T1_3v3_Demo/install/booster_interface:/opt/ros/humble LD_LIBRARY_PATH=/home/booster/Workspace/Booster_T1_3v3_Demo/install/vision_interface/lib:/home/booster/Workspace/Booster_T1_3v3_Demo/install/game_controller_interface/lib:/home/booster/Workspace/Booster_T1_3v3_Demo/install/booster_msgs/lib:/home/booster/Workspace/Booster_T1_3v3_Demo/install/booster_interface/lib:${LD_LIBRARY_PATH} PYTHONPATH=/home/booster/Workspace/Booster_T1_3v3_Demo/install/vision_interface/local/lib/python3.10/dist-packages:/home/booster/Workspace/Booster_T1_3v3_Demo/install/game_controller_interface/local/lib/python3.10/dist-packages:/home/booster/Workspace/Booster_T1_3v3_Demo/install/booster_msgs/local/lib/python3.10/dist-packages:/home/booster/Workspace/Booster_T1_3v3_Demo/install/booster_interface/local/lib/python3.10/dist-packages:${PYTHONPATH} /usr/bin/cmake --build /home/booster/Workspace/Booster_T1_3v3_Demo/build/brain -- -j5 -l5
[0.430s] [  2%] Built target brain__cpp
[0.480s] [  2%] Built target ament_cmake_python_symlink_brain
[0.546s] [  9%] Built target brain__rosidl_typesupport_introspection_cpp
[1.768s] running egg_info
[1.774s] writing brain.egg-info/PKG-INFO
[1.779s] writing dependency_links to brain.egg-info/dependency_links.txt
[1.780s] writing top-level names to brain.egg-info/top_level.txt
[1.795s] reading manifest file 'brain.egg-info/SOURCES.txt'
[1.798s] writing manifest file 'brain.egg-info/SOURCES.txt'
[1.961s] [  9%] Built target ament_cmake_python_build_brain_egg
[2.054s] [ 17%] Built target brain__rosidl_typesupport_fastrtps_cpp
[2.093s] [ 24%] Built target brain__rosidl_typesupport_cpp
[2.133s] [ 31%] Built target brain__rosidl_generator_c
[2.177s] [35m[1mConsolidate compiler generated dependencies of target brain_node[0m
[2.400s] [ 34%] [32mBuilding CXX object CMakeFiles/brain_node.dir/src/brain_tree.cpp.o[0m
[25.899s] [01m[K/home/booster/Workspace/Booster_T1_3v3_Demo/src/brain/src/brain_tree.cpp:[m[K In member function ‘[01m[Kvirtual BT::NodeStatus StrikerDecide::tick()[m[K’:
[25.902s] [01m[K/home/booster/Workspace/Booster_T1_3v3_Demo/src/brain/src/brain_tree.cpp:1880:39:[m[K [01;31m[Kerror: [m[Kexpected ‘[01m[K;[m[K’ before ‘[01m[Kbrain[m[K’
[25.902s]  1880 |         prtDebug("Kick Leg Executing")
[25.902s]       |                                       [01;31m[K^[m[K
[25.902s]       |                                       [32m[K;[m[K
[25.905s]  1881 |         [32m[Kbrain[m[K->tree->setEntry<bool>("is_ready", false);
[25.905s]       |         [32m[K~~~~~[m[K                          
[25.924s] [01m[K/home/booster/Workspace/Booster_T1_3v3_Demo/src/brain/src/brain_tree.cpp:[m[K In member function ‘[01m[Kvirtual BT::NodeStatus GoToReadyPosition::tick()[m[K’:
[25.924s] [01m[K/home/booster/Workspace/Booster_T1_3v3_Demo/src/brain/src/brain_tree.cpp:2426:30:[m[K [01;31m[Kerror: [m[Kexpected ‘[01m[K;[m[K’ before ‘[01m[Kdouble[m[K’
[25.924s]  2426 |     prtDebug("is Ready True")
[25.924s]       |                              [01;31m[K^[m[K
[25.928s]       |                              [32m[K;[m[K
[25.928s]  2427 | 
[25.931s]  2428 |     [32m[Kdouble[m[K tx = 0.0, ty = 0.0, ttheta = 0.0;
[25.931s]       |     [32m[K~~~~~~[m[K                    
[25.951s] [01m[K/home/booster/Workspace/Booster_T1_3v3_Demo/src/brain/src/brain_tree.cpp:2450:9:[m[K [01;31m[Kerror: [m[K‘[01m[Ktx[m[K’ was not declared in this scope; did you mean ‘[01m[Ktm[m[K’?
[25.951s]  2450 |         [01;31m[Ktx[m[K = isKickoff ? txKick : txNoKick;
[25.951s]       |         [01;31m[K^~[m[K
[25.951s]       |         [32m[Ktm[m[K
[25.979s] [01m[K/home/booster/Workspace/Booster_T1_3v3_Demo/src/brain/src/brain_tree.cpp:2476:13:[m[K [01;31m[Kerror: [m[K‘[01m[Kty[m[K’ was not declared in this scope; did you mean ‘[01m[Ktm[m[K’?
[25.979s]  2476 |             [01;31m[Kty[m[K = LANES[myLane];
[25.979s]       |             [01;31m[K^~[m[K
[25.979s]       |             [32m[Ktm[m[K
[26.003s] [01m[K/home/booster/Workspace/Booster_T1_3v3_Demo/src/brain/src/brain_tree.cpp:2479:13:[m[K [01;31m[Kerror: [m[K‘[01m[Kty[m[K’ was not declared in this scope; did you mean ‘[01m[Ktm[m[K’?
[26.004s]  2479 |             [01;31m[Kty[m[K = brain->isPrimaryStriker() ? 1.5 : -1.5;
[26.004s]       |             [01;31m[K^~[m[K
[26.004s]       |             [32m[Ktm[m[K
[26.028s] [01m[K/home/booster/Workspace/Booster_T1_3v3_Demo/src/brain/src/brain_tree.cpp:2481:13:[m[K [01;31m[Kerror: [m[K‘[01m[Kty[m[K’ was not declared in this scope; did you mean ‘[01m[Ktm[m[K’?
[26.028s]  2481 |             [01;31m[Kty[m[K = 0.0;
[26.028s]       |             [01;31m[K^~[m[K
[26.029s]       |             [32m[Ktm[m[K
[26.057s] [01m[K/home/booster/Workspace/Booster_T1_3v3_Demo/src/brain/src/brain_tree.cpp:2484:9:[m[K [01;31m[Kerror: [m[K‘[01m[Kttheta[m[K’ was not declared in this scope
[26.057s]  2484 |         [01;31m[Kttheta[m[K = 0.0;
[26.058s]       |         [01;31m[K^~~~~~[m[K
[26.083s] [01m[K/home/booster/Workspace/Booster_T1_3v3_Demo/src/brain/src/brain_tree.cpp:2488:9:[m[K [01;31m[Kerror: [m[K‘[01m[Ktx[m[K’ was not declared in this scope; did you mean ‘[01m[Ktm[m[K’?
[26.083s]  2488 |         [01;31m[Ktx[m[K = -fd.length / 2.0 + fd.goalAreaLength;
[26.083s]       |         [01;31m[K^~[m[K
[26.084s]       |         [32m[Ktm[m[K
[26.108s] [01m[K/home/booster/Workspace/Booster_T1_3v3_Demo/src/brain/src/brain_tree.cpp:2489:9:[m[K [01;31m[Kerror: [m[K‘[01m[Kty[m[K’ was not declared in this scope; did you mean ‘[01m[Ktm[m[K’?
[26.109s]  2489 |         [01;31m[Kty[m[K = 0.0;
[26.109s]       |         [01;31m[K^~[m[K
[26.109s]       |         [32m[Ktm[m[K
[26.137s] [01m[K/home/booster/Workspace/Booster_T1_3v3_Demo/src/brain/src/brain_tree.cpp:2490:9:[m[K [01;31m[Kerror: [m[K‘[01m[Kttheta[m[K’ was not declared in this scope
[26.137s]  2490 |         [01;31m[Kttheta[m[K = 0.0;
[26.139s]       |         [01;31m[K^~~~~~[m[K
[26.160s] [01m[K/home/booster/Workspace/Booster_T1_3v3_Demo/src/brain/src/brain_tree.cpp:2494:9:[m[K [01;31m[Kerror: [m[K‘[01m[Ktx[m[K’ was not declared in this scope; did you mean ‘[01m[Ktm[m[K’?
[26.161s]  2494 |         [01;31m[Ktx[m[K = 0.0; ty = 0.0; ttheta = 0.0;
[26.161s]       |         [01;31m[K^~[m[K
[26.161s]       |         [32m[Ktm[m[K
[26.184s] [01m[K/home/booster/Workspace/Booster_T1_3v3_Demo/src/brain/src/brain_tree.cpp:2494:19:[m[K [01;31m[Kerror: [m[K‘[01m[Kty[m[K’ was not declared in this scope; did you mean ‘[01m[Ktm[m[K’?
[26.185s]  2494 |         tx = 0.0; [01;31m[Kty[m[K = 0.0; ttheta = 0.0;
[26.185s]       |                   [01;31m[K^~[m[K
[26.185s]       |                   [32m[Ktm[m[K
[26.216s] [01m[K/home/booster/Workspace/Booster_T1_3v3_Demo/src/brain/src/brain_tree.cpp:2494:29:[m[K [01;31m[Kerror: [m[K‘[01m[Kttheta[m[K’ was not declared in this scope
[26.216s]  2494 |         tx = 0.0; ty = 0.0; [01;31m[Kttheta[m[K = 0.0;
[26.216s]       |                             [01;31m[K^~~~~~[m[K
[26.268s] [01m[K/home/booster/Workspace/Booster_T1_3v3_Demo/src/brain/src/brain_tree.cpp:2498:9:[m[K [01;31m[Kerror: [m[K‘[01m[Ktx[m[K’ was not declared in this scope; did you mean ‘[01m[Ktm[m[K’?
[26.268s]  2498 |         [01;31m[Ktx[m[K, ty, ttheta,
[26.268s]       |         [01;31m[K^~[m[K
[26.268s]       |         [32m[Ktm[m[K
[26.321s] [01m[K/home/booster/Workspace/Booster_T1_3v3_Demo/src/brain/src/brain_tree.cpp:2498:13:[m[K [01;31m[Kerror: [m[K‘[01m[Kty[m[K’ was not declared in this scope; did you mean ‘[01m[Ktm[m[K’?
[26.321s]  2498 |         tx, [01;31m[Kty[m[K, ttheta,
[26.321s]       |             [01;31m[K^~[m[K
[26.321s]       |             [32m[Ktm[m[K
[26.391s] [01m[K/home/booster/Workspace/Booster_T1_3v3_Demo/src/brain/src/brain_tree.cpp:2498:17:[m[K [01;31m[Kerror: [m[K‘[01m[Kttheta[m[K’ was not declared in this scope
[26.391s]  2498 |         tx, ty, [01;31m[Kttheta[m[K,
[26.391s]       |                 [01;31m[K^~~~~~[m[K
[26.436s] [01m[K/home/booster/Workspace/Booster_T1_3v3_Demo/src/brain/src/brain_tree.cpp:[m[K In member function ‘[01m[Kvirtual BT::NodeStatus Y_Keeper::tick()[m[K’:
[26.436s] [01m[K/home/booster/Workspace/Booster_T1_3v3_Demo/src/brain/src/brain_tree.cpp:2833:23:[m[K [01;35m[Kwarning: [m[Ksuggest parentheses around assignment used as truth value [[01;35m[K]8;;https://gcc.gnu.org/onlinedocs/gcc/Warning-Options.html#index-Wparentheses-Wparentheses]8;;[m[K]
[26.436s]  2833 |              if ([01;35m[KtmID = brain->config->playerId[m[K)
[26.436s]       |                  [01;35m[K~~~~~^~~~~~~~~~~~~~~~~~~~~~~~~[m[K
[27.875s] In file included from [01m[K/usr/include/c++/11/bits/stl_algobase.h:64[m[K,
[27.875s]                  from [01m[K/usr/include/c++/11/bits/specfun.h:45[m[K,
[27.875s]                  from [01m[K/usr/include/c++/11/cmath:1935[m[K,
[27.875s]                  from [01m[K/home/booster/Workspace/Booster_T1_3v3_Demo/src/brain/src/brain_tree.cpp:1[m[K:
[27.875s] /usr/include/c++/11/bits/stl_pair.h: In instantiation of ‘[01m[Kconstexpr std::pair<typename std::__strip_reference_wrapper<typename std::decay<_Tp>::type>::__type, typename std::__strip_reference_wrapper<typename std::decay<_Tp2>::type>::__type> std::make_pair(_T1&&, _T2&&) [with _T1 = double; _T2 = const double&; typename std::__strip_reference_wrapper<typename std::decay<_Tp2>::type>::__type = double; typename std::decay<_Tp2>::type = double; typename std::__strip_reference_wrapper<typename std::decay<_Tp>::type>::__type = double; typename std::decay<_Tp>::type = double][m[K’:
[27.876s] [01m[K/home/booster/Workspace/Booster_T1_3v3_Demo/src/brain/src/brain_tree.cpp:3107:26:[m[K   required from here
[27.880s] [01m[K/usr/include/c++/11/bits/stl_pair.h:567:5:[m[K [01;36m[Knote: [m[Kparameter passing for argument of type ‘[01m[Kstd::pair<double, double>[m[K’ when C++17 is enabled changed to match C++14 ]8;;https://gcc.gnu.org/gcc-10/changes.html#empty_basein GCC 10.1]8;;
[27.882s]   567 |     [01;36m[Kmake_pair[m[K(_T1&& __x, _T2&& __y)
[27.884s]       |     [01;36m[K^~~~~~~~~[m[K
[36.008s] gmake[2]: *** [CMakeFiles/brain_node.dir/build.make:146: CMakeFiles/brain_node.dir/src/brain_tree.cpp.o] Error 1
[36.009s] gmake[1]: *** [CMakeFiles/Makefile2:593: CMakeFiles/brain_node.dir/all] Error 2
[36.009s] gmake: *** [Makefile:146: all] Error 2
[36.020s] Invoked command in '/home/booster/Workspace/Booster_T1_3v3_Demo/build/brain' returned '2': AMENT_PREFIX_PATH=/home/booster/Workspace/Booster_T1_3v3_Demo/install/vision_interface:/home/booster/Workspace/Booster_T1_3v3_Demo/install/game_controller_interface:/home/booster/Workspace/Booster_T1_3v3_Demo/install/booster_msgs:/home/booster/Workspace/Booster_T1_3v3_Demo/install/booster_interface:${AMENT_PREFIX_PATH} CMAKE_PREFIX_PATH=/home/booster/Workspace/Booster_T1_3v3_Demo/install/vision_interface:/home/booster/Workspace/Booster_T1_3v3_Demo/install/game_controller_interface:/home/booster/Workspace/Booster_T1_3v3_Demo/install/booster_msgs:/home/booster/Workspace/Booster_T1_3v3_Demo/install/booster_interface:/opt/ros/humble LD_LIBRARY_PATH=/home/booster/Workspace/Booster_T1_3v3_Demo/install/vision_interface/lib:/home/booster/Workspace/Booster_T1_3v3_Demo/install/game_controller_interface/lib:/home/booster/Workspace/Booster_T1_3v3_Demo/install/booster_msgs/lib:/home/booster/Workspace/Booster_T1_3v3_Demo/install/booster_interface/lib:${LD_LIBRARY_PATH} PYTHONPATH=/home/booster/Workspace/Booster_T1_3v3_Demo/install/vision_interface/local/lib/python3.10/dist-packages:/home/booster/Workspace/Booster_T1_3v3_Demo/install/game_controller_interface/local/lib/python3.10/dist-packages:/home/booster/Workspace/Booster_T1_3v3_Demo/install/booster_msgs/local/lib/python3.10/dist-packages:/home/booster/Workspace/Booster_T1_3v3_Demo/install/booster_interface/local/lib/python3.10/dist-packages:${PYTHONPATH} /usr/bin/cmake --build /home/booster/Workspace/Booster_T1_3v3_Demo/build/brain -- -j5 -l5
