[0.113s] Invoking command in '/home/booster/Workspace/Booster_T1_3v3_Demo/build/brain': AMENT_PREFIX_PATH=/home/booster/Workspace/Booster_T1_3v3_Demo/install/vision_interface:/home/booster/Workspace/Booster_T1_3v3_Demo/install/game_controller_interface:/home/booster/Workspace/Booster_T1_3v3_Demo/install/booster_msgs:/home/booster/Workspace/Booster_T1_3v3_Demo/install/booster_interface:${AMENT_PREFIX_PATH} CMAKE_PREFIX_PATH=/home/booster/Workspace/Booster_T1_3v3_Demo/install/vision_interface:/home/booster/Workspace/Booster_T1_3v3_Demo/install/game_controller_interface:/home/booster/Workspace/Booster_T1_3v3_Demo/install/booster_msgs:/home/booster/Workspace/Booster_T1_3v3_Demo/install/booster_interface:/opt/ros/humble LD_LIBRARY_PATH=/home/booster/Workspace/Booster_T1_3v3_Demo/install/vision_interface/lib:/home/booster/Workspace/Booster_T1_3v3_Demo/install/game_controller_interface/lib:/home/booster/Workspace/Booster_T1_3v3_Demo/install/booster_msgs/lib:/home/booster/Workspace/Booster_T1_3v3_Demo/install/booster_interface/lib:${LD_LIBRARY_PATH} PYTHONPATH=/home/booster/Workspace/Booster_T1_3v3_Demo/install/vision_interface/local/lib/python3.10/dist-packages:/home/booster/Workspace/Booster_T1_3v3_Demo/install/game_controller_interface/local/lib/python3.10/dist-packages:/home/booster/Workspace/Booster_T1_3v3_Demo/install/booster_msgs/local/lib/python3.10/dist-packages:/home/booster/Workspace/Booster_T1_3v3_Demo/install/booster_interface/local/lib/python3.10/dist-packages:${PYTHONPATH} /usr/bin/cmake --build /home/booster/Workspace/Booster_T1_3v3_Demo/build/brain -- -j5 -l5
[0.459s] [  2%] Built target brain__cpp
[0.557s] [  2%] Built target ament_cmake_python_symlink_brain
[0.601s] [  9%] Built target brain__rosidl_typesupport_introspection_cpp
[1.040s] running egg_info
[1.042s] writing brain.egg-info/PKG-INFO
[1.044s] writing dependency_links to brain.egg-info/dependency_links.txt
[1.044s] writing top-level names to brain.egg-info/top_level.txt
[1.051s] reading manifest file 'brain.egg-info/SOURCES.txt'
[1.052s] writing manifest file 'brain.egg-info/SOURCES.txt'
[1.129s] [  9%] Built target ament_cmake_python_build_brain_egg
[1.168s] [ 17%] Built target brain__rosidl_typesupport_fastrtps_cpp
[1.209s] [ 24%] Built target brain__rosidl_typesupport_cpp
[1.247s] [ 31%] Built target brain__rosidl_generator_c
[1.331s] [ 34%] [32mBuilding CXX object CMakeFiles/brain_node.dir/src/brain.cpp.o[0m
[106.952s] [ 36%] [32mBuilding CXX object CMakeFiles/brain_node.dir/src/brain_tree.cpp.o[0m
[128.471s] [01m[K/home/booster/Workspace/Booster_T1_3v3_Demo/src/brain/src/brain_tree.cpp:[m[K In member function ‘[01m[Kvirtual BT::NodeStatus StrikerDecide::tick()[m[K’:
[128.472s] [01m[K/home/booster/Workspace/Booster_T1_3v3_Demo/src/brain/src/brain_tree.cpp:1880:9:[m[K [01;31m[Kerror: [m[K‘[01m[KsetEntry[m[K’ was not declared in this scope
[128.472s]  1880 |         [01;31m[KsetEntry[m[K<bool>("is_ready", false);
[128.472s]       |         [01;31m[K^~~~~~~~[m[K
[128.472s] [01m[K/home/booster/Workspace/Booster_T1_3v3_Demo/src/brain/src/brain_tree.cpp:1880:18:[m[K [01;31m[Kerror: [m[Kexpected primary-expression before ‘[01m[Kbool[m[K’
[128.472s]  1880 |         setEntry<[01;31m[Kbool[m[K>("is_ready", false);
[128.472s]       |                  [01;31m[K^~~~[m[K
[128.543s] [01m[K/home/booster/Workspace/Booster_T1_3v3_Demo/src/brain/src/brain_tree.cpp:[m[K In member function ‘[01m[Kvirtual BT::NodeStatus GoToReadyPosition::tick()[m[K’:
[128.543s] [01m[K/home/booster/Workspace/Booster_T1_3v3_Demo/src/brain/src/brain_tree.cpp:2424:5:[m[K [01;31m[Kerror: [m[K‘[01m[KsetEntry[m[K’ was not declared in this scope
[128.543s]  2424 |     [01;31m[KsetEntry[m[K<bool>("is_ready", true); // yaman
[128.543s]       |     [01;31m[K^~~~~~~~[m[K
[128.543s] [01m[K/home/booster/Workspace/Booster_T1_3v3_Demo/src/brain/src/brain_tree.cpp:2424:14:[m[K [01;31m[Kerror: [m[Kexpected primary-expression before ‘[01m[Kbool[m[K’
[128.544s]  2424 |     setEntry<[01;31m[Kbool[m[K>("is_ready", true); // yaman
[128.544s]       |              [01;31m[K^~~~[m[K
[128.574s] [01m[K/home/booster/Workspace/Booster_T1_3v3_Demo/src/brain/src/brain_tree.cpp:[m[K In member function ‘[01m[Kvirtual BT::NodeStatus Y_Keeper::tick()[m[K’:
[128.574s] [01m[K/home/booster/Workspace/Booster_T1_3v3_Demo/src/brain/src/brain_tree.cpp:2831:23:[m[K [01;35m[Kwarning: [m[Ksuggest parentheses around assignment used as truth value [[01;35m[K]8;;https://gcc.gnu.org/onlinedocs/gcc/Warning-Options.html#index-Wparentheses-Wparentheses]8;;[m[K]
[128.575s]  2831 |              if ([01;35m[KtmID = brain->config->playerId[m[K)
[128.576s]       |                  [01;35m[K~~~~~^~~~~~~~~~~~~~~~~~~~~~~~~[m[K
[129.872s] In file included from [01m[K/usr/include/c++/11/bits/stl_algobase.h:64[m[K,
[129.873s]                  from [01m[K/usr/include/c++/11/bits/specfun.h:45[m[K,
[129.873s]                  from [01m[K/usr/include/c++/11/cmath:1935[m[K,
[129.873s]                  from [01m[K/home/booster/Workspace/Booster_T1_3v3_Demo/src/brain/src/brain_tree.cpp:1[m[K:
[129.873s] /usr/include/c++/11/bits/stl_pair.h: In instantiation of ‘[01m[Kconstexpr std::pair<typename std::__strip_reference_wrapper<typename std::decay<_Tp>::type>::__type, typename std::__strip_reference_wrapper<typename std::decay<_Tp2>::type>::__type> std::make_pair(_T1&&, _T2&&) [with _T1 = double; _T2 = const double&; typename std::__strip_reference_wrapper<typename std::decay<_Tp2>::type>::__type = double; typename std::decay<_Tp2>::type = double; typename std::__strip_reference_wrapper<typename std::decay<_Tp>::type>::__type = double; typename std::decay<_Tp>::type = double][m[K’:
[129.873s] [01m[K/home/booster/Workspace/Booster_T1_3v3_Demo/src/brain/src/brain_tree.cpp:3105:26:[m[K   required from here
[129.873s] [01m[K/usr/include/c++/11/bits/stl_pair.h:567:5:[m[K [01;36m[Knote: [m[Kparameter passing for argument of type ‘[01m[Kstd::pair<double, double>[m[K’ when C++17 is enabled changed to match C++14 ]8;;https://gcc.gnu.org/gcc-10/changes.html#empty_basein GCC 10.1]8;;
[129.873s]   567 |     [01;36m[Kmake_pair[m[K(_T1&& __x, _T2&& __y)
[129.873s]       |     [01;36m[K^~~~~~~~~[m[K
[138.239s] gmake[2]: *** [CMakeFiles/brain_node.dir/build.make:146: CMakeFiles/brain_node.dir/src/brain_tree.cpp.o] Error 1
[138.241s] gmake[1]: *** [CMakeFiles/Makefile2:593: CMakeFiles/brain_node.dir/all] Error 2
[138.242s] gmake: *** [Makefile:146: all] Error 2
[138.246s] Invoked command in '/home/booster/Workspace/Booster_T1_3v3_Demo/build/brain' returned '2': AMENT_PREFIX_PATH=/home/booster/Workspace/Booster_T1_3v3_Demo/install/vision_interface:/home/booster/Workspace/Booster_T1_3v3_Demo/install/game_controller_interface:/home/booster/Workspace/Booster_T1_3v3_Demo/install/booster_msgs:/home/booster/Workspace/Booster_T1_3v3_Demo/install/booster_interface:${AMENT_PREFIX_PATH} CMAKE_PREFIX_PATH=/home/booster/Workspace/Booster_T1_3v3_Demo/install/vision_interface:/home/booster/Workspace/Booster_T1_3v3_Demo/install/game_controller_interface:/home/booster/Workspace/Booster_T1_3v3_Demo/install/booster_msgs:/home/booster/Workspace/Booster_T1_3v3_Demo/install/booster_interface:/opt/ros/humble LD_LIBRARY_PATH=/home/booster/Workspace/Booster_T1_3v3_Demo/install/vision_interface/lib:/home/booster/Workspace/Booster_T1_3v3_Demo/install/game_controller_interface/lib:/home/booster/Workspace/Booster_T1_3v3_Demo/install/booster_msgs/lib:/home/booster/Workspace/Booster_T1_3v3_Demo/install/booster_interface/lib:${LD_LIBRARY_PATH} PYTHONPATH=/home/booster/Workspace/Booster_T1_3v3_Demo/install/vision_interface/local/lib/python3.10/dist-packages:/home/booster/Workspace/Booster_T1_3v3_Demo/install/game_controller_interface/local/lib/python3.10/dist-packages:/home/booster/Workspace/Booster_T1_3v3_Demo/install/booster_msgs/local/lib/python3.10/dist-packages:/home/booster/Workspace/Booster_T1_3v3_Demo/install/booster_interface/local/lib/python3.10/dist-packages:${PYTHONPATH} /usr/bin/cmake --build /home/booster/Workspace/Booster_T1_3v3_Demo/build/brain -- -j5 -l5
