[0.130s] Invoking command in '/home/booster/Workspace/Booster_T1_3v3_Demo/build/brain': AMENT_PREFIX_PATH=/home/booster/Workspace/Booster_T1_3v3_Demo/install/vision_interface:/home/booster/Workspace/Booster_T1_3v3_Demo/install/game_controller_interface:/home/booster/Workspace/Booster_T1_3v3_Demo/install/booster_msgs:/home/booster/Workspace/Booster_T1_3v3_Demo/install/booster_interface:${AMENT_PREFIX_PATH} CMAKE_PREFIX_PATH=/home/booster/Workspace/Booster_T1_3v3_Demo/install/vision_interface:/home/booster/Workspace/Booster_T1_3v3_Demo/install/game_controller_interface:/home/booster/Workspace/Booster_T1_3v3_Demo/install/booster_msgs:/home/booster/Workspace/Booster_T1_3v3_Demo/install/booster_interface:/opt/ros/humble LD_LIBRARY_PATH=/home/booster/Workspace/Booster_T1_3v3_Demo/install/vision_interface/lib:/home/booster/Workspace/Booster_T1_3v3_Demo/install/game_controller_interface/lib:/home/booster/Workspace/Booster_T1_3v3_Demo/install/booster_msgs/lib:/home/booster/Workspace/Booster_T1_3v3_Demo/install/booster_interface/lib:${LD_LIBRARY_PATH} PYTHONPATH=/home/booster/Workspace/Booster_T1_3v3_Demo/install/vision_interface/local/lib/python3.10/dist-packages:/home/booster/Workspace/Booster_T1_3v3_Demo/install/game_controller_interface/local/lib/python3.10/dist-packages:/home/booster/Workspace/Booster_T1_3v3_Demo/install/booster_msgs/local/lib/python3.10/dist-packages:/home/booster/Workspace/Booster_T1_3v3_Demo/install/booster_interface/local/lib/python3.10/dist-packages:${PYTHONPATH} /usr/bin/cmake --build /home/booster/Workspace/Booster_T1_3v3_Demo/build/brain -- -j5 -l5
[0.314s] [  2%] Built target brain__cpp
[0.457s] [  2%] Built target ament_cmake_python_symlink_brain
[0.529s] [  9%] Built target brain__rosidl_typesupport_introspection_cpp
[1.328s] running egg_info
[1.330s] writing brain.egg-info/PKG-INFO
[1.330s] writing dependency_links to brain.egg-info/dependency_links.txt
[1.332s] writing top-level names to brain.egg-info/top_level.txt
[1.342s] reading manifest file 'brain.egg-info/SOURCES.txt'
[1.344s] writing manifest file 'brain.egg-info/SOURCES.txt'
[1.444s] [  9%] Built target ament_cmake_python_build_brain_egg
[1.514s] [ 17%] Built target brain__rosidl_typesupport_fastrtps_cpp
[1.604s] [ 24%] Built target brain__rosidl_typesupport_cpp
[1.675s] [ 31%] Built target brain__rosidl_generator_c
[1.740s] [35m[1mConsolidate compiler generated dependencies of target brain_node[0m
[1.943s] [ 34%] [32mBuilding CXX object CMakeFiles/brain_node.dir/src/brain_tree.cpp.o[0m
[25.268s] [01m[K/home/booster/Workspace/Booster_T1_3v3_Demo/src/brain/src/brain_tree.cpp:[m[K In member function ‘[01m[Kvirtual BT::NodeStatus StrikerDecide::tick()[m[K’:
[25.269s] [01m[K/home/booster/Workspace/Booster_T1_3v3_Demo/src/brain/src/brain_tree.cpp:1880:39:[m[K [01;31m[Kerror: [m[Kexpected ‘[01m[K;[m[K’ before ‘[01m[Kbrain[m[K’
[25.269s]  1880 |         prtDebug("Kick Leg Executing")
[25.269s]       |                                       [01;31m[K^[m[K
[25.270s]       |                                       [32m[K;[m[K
[25.270s]  1881 |         [32m[Kbrain[m[K->tree->setEntry<bool>("is_ready", false);
[25.270s]       |         [32m[K~~~~~[m[K                          
[25.321s] [01m[K/home/booster/Workspace/Booster_T1_3v3_Demo/src/brain/src/brain_tree.cpp:[m[K In member function ‘[01m[Kvirtual BT::NodeStatus Y_Keeper::tick()[m[K’:
[25.322s] [01m[K/home/booster/Workspace/Booster_T1_3v3_Demo/src/brain/src/brain_tree.cpp:2833:23:[m[K [01;35m[Kwarning: [m[Ksuggest parentheses around assignment used as truth value [[01;35m[K]8;;https://gcc.gnu.org/onlinedocs/gcc/Warning-Options.html#index-Wparentheses-Wparentheses]8;;[m[K]
[25.322s]  2833 |              if ([01;35m[KtmID = brain->config->playerId[m[K)
[25.322s]       |                  [01;35m[K~~~~~^~~~~~~~~~~~~~~~~~~~~~~~~[m[K
[26.753s] In file included from [01m[K/usr/include/c++/11/bits/stl_algobase.h:64[m[K,
[26.754s]                  from [01m[K/usr/include/c++/11/bits/specfun.h:45[m[K,
[26.754s]                  from [01m[K/usr/include/c++/11/cmath:1935[m[K,
[26.755s]                  from [01m[K/home/booster/Workspace/Booster_T1_3v3_Demo/src/brain/src/brain_tree.cpp:1[m[K:
[26.755s] /usr/include/c++/11/bits/stl_pair.h: In instantiation of ‘[01m[Kconstexpr std::pair<typename std::__strip_reference_wrapper<typename std::decay<_Tp>::type>::__type, typename std::__strip_reference_wrapper<typename std::decay<_Tp2>::type>::__type> std::make_pair(_T1&&, _T2&&) [with _T1 = double; _T2 = const double&; typename std::__strip_reference_wrapper<typename std::decay<_Tp2>::type>::__type = double; typename std::decay<_Tp2>::type = double; typename std::__strip_reference_wrapper<typename std::decay<_Tp>::type>::__type = double; typename std::decay<_Tp>::type = double][m[K’:
[26.755s] [01m[K/home/booster/Workspace/Booster_T1_3v3_Demo/src/brain/src/brain_tree.cpp:3107:26:[m[K   required from here
[26.755s] [01m[K/usr/include/c++/11/bits/stl_pair.h:567:5:[m[K [01;36m[Knote: [m[Kparameter passing for argument of type ‘[01m[Kstd::pair<double, double>[m[K’ when C++17 is enabled changed to match C++14 ]8;;https://gcc.gnu.org/gcc-10/changes.html#empty_basein GCC 10.1]8;;
[26.755s]   567 |     [01;36m[Kmake_pair[m[K(_T1&& __x, _T2&& __y)
[26.755s]       |     [01;36m[K^~~~~~~~~[m[K
[33.742s] gmake[2]: *** [CMakeFiles/brain_node.dir/build.make:146: CMakeFiles/brain_node.dir/src/brain_tree.cpp.o] Error 1
[33.745s] gmake[1]: *** [CMakeFiles/Makefile2:593: CMakeFiles/brain_node.dir/all] Error 2
[33.745s] gmake: *** [Makefile:146: all] Error 2
[33.751s] Invoked command in '/home/booster/Workspace/Booster_T1_3v3_Demo/build/brain' returned '2': AMENT_PREFIX_PATH=/home/booster/Workspace/Booster_T1_3v3_Demo/install/vision_interface:/home/booster/Workspace/Booster_T1_3v3_Demo/install/game_controller_interface:/home/booster/Workspace/Booster_T1_3v3_Demo/install/booster_msgs:/home/booster/Workspace/Booster_T1_3v3_Demo/install/booster_interface:${AMENT_PREFIX_PATH} CMAKE_PREFIX_PATH=/home/booster/Workspace/Booster_T1_3v3_Demo/install/vision_interface:/home/booster/Workspace/Booster_T1_3v3_Demo/install/game_controller_interface:/home/booster/Workspace/Booster_T1_3v3_Demo/install/booster_msgs:/home/booster/Workspace/Booster_T1_3v3_Demo/install/booster_interface:/opt/ros/humble LD_LIBRARY_PATH=/home/booster/Workspace/Booster_T1_3v3_Demo/install/vision_interface/lib:/home/booster/Workspace/Booster_T1_3v3_Demo/install/game_controller_interface/lib:/home/booster/Workspace/Booster_T1_3v3_Demo/install/booster_msgs/lib:/home/booster/Workspace/Booster_T1_3v3_Demo/install/booster_interface/lib:${LD_LIBRARY_PATH} PYTHONPATH=/home/booster/Workspace/Booster_T1_3v3_Demo/install/vision_interface/local/lib/python3.10/dist-packages:/home/booster/Workspace/Booster_T1_3v3_Demo/install/game_controller_interface/local/lib/python3.10/dist-packages:/home/booster/Workspace/Booster_T1_3v3_Demo/install/booster_msgs/local/lib/python3.10/dist-packages:/home/booster/Workspace/Booster_T1_3v3_Demo/install/booster_interface/local/lib/python3.10/dist-packages:${PYTHONPATH} /usr/bin/cmake --build /home/booster/Workspace/Booster_T1_3v3_Demo/build/brain -- -j5 -l5
