[  0%] Built target vision_interface__cpp
[  0%] Built target ament_cmake_python_symlink_vision_interface
[ 12%] Built target vision_interface__rosidl_typesupport_introspection_cpp
Traceback (most recent call last):
  File "/home/booster/Workspace/Booster_T1_3v3_Demo/build/vision_interface/ament_cmake_python/vision_interface/setup.py", line 1, in <module>
    from setuptools import find_packages
  File "/usr/lib/python3/dist-packages/setuptools/__init__.py", line 16, in <module>
    import setuptools.version
  File "/usr/lib/python3/dist-packages/setuptools/version.py", line 1, in <module>
    import pkg_resources
  File "/usr/lib/python3/dist-packages/pkg_resources/__init__.py", line 3267, in <module>
    def _initialize_master_working_set():
  File "/usr/lib/python3/dist-packages/pkg_resources/__init__.py", line 3241, in _call_aside
    f(*args, **kwargs)
  File "/usr/lib/python3/dist-packages/pkg_resources/__init__.py", line 3292, in _initialize_master_working_set
    tuple(
  File "/usr/lib/python3/dist-packages/pkg_resources/__init__.py", line 3293, in <genexpr>
    dist.activate(replace=False)
  File "/usr/lib/python3/dist-packages/pkg_resources/__init__.py", line 2793, in activate
    self.insert_on(path, replace=replace)
  File "/usr/lib/python3/dist-packages/pkg_resources/__init__.py", line 2906, in insert_on
    npath = [(p and _normalize_cached(p) or p) for p in path]
  File "/usr/lib/python3/dist-packages/pkg_resources/__init__.py", line 2906, in <listcomp>
    npath = [(p and _normalize_cached(p) or p) for p in path]
KeyboardInterrupt
gmake[2]: *** [CMakeFiles/ament_cmake_python_build_vision_interface_egg.dir/build.make:70: CMakeFiles/ament_cmake_python_build_vision_interface_egg] Interrupt
gmake[1]: *** [CMakeFiles/Makefile2:447: CMakeFiles/ament_cmake_python_build_vision_interface_egg.dir/all] Interrupt
gmake: *** [Makefile:146: all] Interrupt
