[0.042s] Invoking command in '/home/booster/Workspace/Booster_T1_3v3_Demo/src/build/game_controller': AMENT_PREFIX_PATH=/home/booster/Workspace/Booster_T1_3v3_Demo/src/install/game_controller_interface:${AMENT_PREFIX_PATH} CMAKE_PREFIX_PATH=/home/booster/Workspace/Booster_T1_3v3_Demo/src/install/game_controller_interface:/opt/ros/humble LD_LIBRARY_PATH=/home/booster/Workspace/Booster_T1_3v3_Demo/src/install/game_controller_interface/lib:/opt/ros/humble/opt/rviz_ogre_vendor/lib:/opt/ros/humble/lib/aarch64-linux-gnu:/opt/ros/humble/lib:/usr/local/cuda/lib64 PYTHONPATH=/home/booster/Workspace/Booster_T1_3v3_Demo/src/install/game_controller_interface/local/lib/python3.10/dist-packages:${PYTHONPATH} /usr/bin/cmake /home/booster/Workspace/Booster_T1_3v3_Demo/src/game_controller -DCMAKE_INSTALL_PREFIX=/home/booster/Workspace/Booster_T1_3v3_Demo/src/install/game_controller
[0.190s] -- The C compiler identification is GNU 11.4.0
[0.389s] -- The CXX compiler identification is GNU 11.4.0
[0.416s] -- Detecting C compiler ABI info
[0.686s] -- Detecting C compiler ABI info - done
[0.699s] -- Check for working C compiler: /usr/bin/cc - skipped
[0.700s] -- Detecting C compile features
[0.711s] -- Detecting C compile features - done
[0.728s] -- Detecting CXX compiler ABI info
[1.144s] -- Detecting CXX compiler ABI info - done
[1.156s] -- Check for working CXX compiler: /usr/bin/c++ - skipped
[1.159s] -- Detecting CXX compile features
[1.165s] -- Detecting CXX compile features - done
[1.178s] -- Found ament_cmake: 1.3.11 (/opt/ros/humble/share/ament_cmake/cmake)
[1.919s] -- Found Python3: /usr/bin/python3 (found version "3.10.12") found components: Interpreter 
[2.423s] -- Found rclcpp: 16.0.12 (/opt/ros/humble/share/rclcpp/cmake)
[2.516s] -- Found rosidl_generator_c: 3.1.6 (/opt/ros/humble/share/rosidl_generator_c/cmake)
[2.525s] -- Found rosidl_adapter: 3.1.6 (/opt/ros/humble/share/rosidl_adapter/cmake)
[2.539s] -- Found rosidl_generator_cpp: 3.1.6 (/opt/ros/humble/share/rosidl_generator_cpp/cmake)
[2.630s] -- Using all available rosidl_typesupport_c: rosidl_typesupport_fastrtps_c;rosidl_typesupport_introspection_c
[2.688s] -- Using all available rosidl_typesupport_cpp: rosidl_typesupport_fastrtps_cpp;rosidl_typesupport_introspection_cpp
[2.757s] -- Found rmw_implementation_cmake: 6.1.2 (/opt/ros/humble/share/rmw_implementation_cmake/cmake)
[2.760s] -- Found rmw_fastrtps_cpp: 6.2.7 (/opt/ros/humble/share/rmw_fastrtps_cpp/cmake)
[3.099s] -- Found OpenSSL: /usr/lib/aarch64-linux-gnu/libcrypto.so (found version "3.0.2")  
[3.211s] -- Found FastRTPS: /opt/ros/humble/include  
[3.320s] -- Using RMW implementation 'rmw_fastrtps_cpp' as default
[3.342s] -- Looking for pthread.h
[3.608s] -- Looking for pthread.h - found
[3.610s] -- Performing Test CMAKE_HAVE_LIBC_PTHREAD
[3.864s] -- Performing Test CMAKE_HAVE_LIBC_PTHREAD - Success
[3.869s] -- Found Threads: TRUE  
[4.055s] -- Found game_controller_interface: 1.0.0 (/home/booster/Workspace/Booster_T1_3v3_Demo/src/install/game_controller_interface/share/game_controller_interface/cmake)
[4.362s] -- Configuring done
[4.403s] -- Generating done
[4.421s] -- Build files have been written to: /home/booster/Workspace/Booster_T1_3v3_Demo/src/build/game_controller
[4.457s] Invoked command in '/home/booster/Workspace/Booster_T1_3v3_Demo/src/build/game_controller' returned '0': AMENT_PREFIX_PATH=/home/booster/Workspace/Booster_T1_3v3_Demo/src/install/game_controller_interface:${AMENT_PREFIX_PATH} CMAKE_PREFIX_PATH=/home/booster/Workspace/Booster_T1_3v3_Demo/src/install/game_controller_interface:/opt/ros/humble LD_LIBRARY_PATH=/home/booster/Workspace/Booster_T1_3v3_Demo/src/install/game_controller_interface/lib:/opt/ros/humble/opt/rviz_ogre_vendor/lib:/opt/ros/humble/lib/aarch64-linux-gnu:/opt/ros/humble/lib:/usr/local/cuda/lib64 PYTHONPATH=/home/booster/Workspace/Booster_T1_3v3_Demo/src/install/game_controller_interface/local/lib/python3.10/dist-packages:${PYTHONPATH} /usr/bin/cmake /home/booster/Workspace/Booster_T1_3v3_Demo/src/game_controller -DCMAKE_INSTALL_PREFIX=/home/booster/Workspace/Booster_T1_3v3_Demo/src/install/game_controller
[4.458s] Invoking command in '/home/booster/Workspace/Booster_T1_3v3_Demo/src/build/game_controller': AMENT_PREFIX_PATH=/home/booster/Workspace/Booster_T1_3v3_Demo/src/install/game_controller_interface:${AMENT_PREFIX_PATH} CMAKE_PREFIX_PATH=/home/booster/Workspace/Booster_T1_3v3_Demo/src/install/game_controller_interface:/opt/ros/humble LD_LIBRARY_PATH=/home/booster/Workspace/Booster_T1_3v3_Demo/src/install/game_controller_interface/lib:/opt/ros/humble/opt/rviz_ogre_vendor/lib:/opt/ros/humble/lib/aarch64-linux-gnu:/opt/ros/humble/lib:/usr/local/cuda/lib64 PYTHONPATH=/home/booster/Workspace/Booster_T1_3v3_Demo/src/install/game_controller_interface/local/lib/python3.10/dist-packages:${PYTHONPATH} /usr/bin/cmake --build /home/booster/Workspace/Booster_T1_3v3_Demo/src/build/game_controller -- -j5 -l5
[4.696s] [ 33%] [32mBuilding CXX object CMakeFiles/game_controller_node.dir/src/main.cpp.o[0m
[13.719s] [ 66%] [32mBuilding CXX object CMakeFiles/game_controller_node.dir/src/game_controller_node.cpp.o[0m
[29.195s] [100%] [32m[1mLinking CXX executable game_controller_node[0m
[29.906s] [100%] Built target game_controller_node
[29.984s] Invoked command in '/home/booster/Workspace/Booster_T1_3v3_Demo/src/build/game_controller' returned '0': AMENT_PREFIX_PATH=/home/booster/Workspace/Booster_T1_3v3_Demo/src/install/game_controller_interface:${AMENT_PREFIX_PATH} CMAKE_PREFIX_PATH=/home/booster/Workspace/Booster_T1_3v3_Demo/src/install/game_controller_interface:/opt/ros/humble LD_LIBRARY_PATH=/home/booster/Workspace/Booster_T1_3v3_Demo/src/install/game_controller_interface/lib:/opt/ros/humble/opt/rviz_ogre_vendor/lib:/opt/ros/humble/lib/aarch64-linux-gnu:/opt/ros/humble/lib:/usr/local/cuda/lib64 PYTHONPATH=/home/booster/Workspace/Booster_T1_3v3_Demo/src/install/game_controller_interface/local/lib/python3.10/dist-packages:${PYTHONPATH} /usr/bin/cmake --build /home/booster/Workspace/Booster_T1_3v3_Demo/src/build/game_controller -- -j5 -l5
[29.985s] Invoking command in '/home/booster/Workspace/Booster_T1_3v3_Demo/src/build/game_controller': AMENT_PREFIX_PATH=/home/booster/Workspace/Booster_T1_3v3_Demo/src/install/game_controller_interface:${AMENT_PREFIX_PATH} CMAKE_PREFIX_PATH=/home/booster/Workspace/Booster_T1_3v3_Demo/src/install/game_controller_interface:/opt/ros/humble LD_LIBRARY_PATH=/home/booster/Workspace/Booster_T1_3v3_Demo/src/install/game_controller_interface/lib:/opt/ros/humble/opt/rviz_ogre_vendor/lib:/opt/ros/humble/lib/aarch64-linux-gnu:/opt/ros/humble/lib:/usr/local/cuda/lib64 PYTHONPATH=/home/booster/Workspace/Booster_T1_3v3_Demo/src/install/game_controller_interface/local/lib/python3.10/dist-packages:${PYTHONPATH} /usr/bin/cmake --install /home/booster/Workspace/Booster_T1_3v3_Demo/src/build/game_controller
[30.011s] -- Install configuration: ""
[30.011s] -- Installing: /home/booster/Workspace/Booster_T1_3v3_Demo/src/install/game_controller/share/game_controller/launch
[30.012s] -- Installing: /home/booster/Workspace/Booster_T1_3v3_Demo/src/install/game_controller/share/game_controller/launch/launch.py
[30.014s] -- Installing: /home/booster/Workspace/Booster_T1_3v3_Demo/src/install/game_controller/lib/game_controller/game_controller_node
[30.031s] -- Set runtime path of "/home/booster/Workspace/Booster_T1_3v3_Demo/src/install/game_controller/lib/game_controller/game_controller_node" to ""
[30.033s] -- Installing: /home/booster/Workspace/Booster_T1_3v3_Demo/src/install/game_controller/share/ament_index/resource_index/package_run_dependencies/game_controller
[30.035s] -- Installing: /home/booster/Workspace/Booster_T1_3v3_Demo/src/install/game_controller/share/ament_index/resource_index/parent_prefix_path/game_controller
[30.037s] -- Installing: /home/booster/Workspace/Booster_T1_3v3_Demo/src/install/game_controller/share/game_controller/environment/ament_prefix_path.sh
[30.038s] -- Installing: /home/booster/Workspace/Booster_T1_3v3_Demo/src/install/game_controller/share/game_controller/environment/ament_prefix_path.dsv
[30.039s] -- Installing: /home/booster/Workspace/Booster_T1_3v3_Demo/src/install/game_controller/share/game_controller/environment/path.sh
[30.041s] -- Installing: /home/booster/Workspace/Booster_T1_3v3_Demo/src/install/game_controller/share/game_controller/environment/path.dsv
[30.041s] -- Installing: /home/booster/Workspace/Booster_T1_3v3_Demo/src/install/game_controller/share/game_controller/local_setup.bash
[30.043s] -- Installing: /home/booster/Workspace/Booster_T1_3v3_Demo/src/install/game_controller/share/game_controller/local_setup.sh
[30.044s] -- Installing: /home/booster/Workspace/Booster_T1_3v3_Demo/src/install/game_controller/share/game_controller/local_setup.zsh
[30.045s] -- Installing: /home/booster/Workspace/Booster_T1_3v3_Demo/src/install/game_controller/share/game_controller/local_setup.dsv
[30.048s] -- Installing: /home/booster/Workspace/Booster_T1_3v3_Demo/src/install/game_controller/share/game_controller/package.dsv
[30.050s] -- Installing: /home/booster/Workspace/Booster_T1_3v3_Demo/src/install/game_controller/share/ament_index/resource_index/packages/game_controller
[30.051s] -- Installing: /home/booster/Workspace/Booster_T1_3v3_Demo/src/install/game_controller/share/game_controller/cmake/game_controllerConfig.cmake
[30.057s] -- Installing: /home/booster/Workspace/Booster_T1_3v3_Demo/src/install/game_controller/share/game_controller/cmake/game_controllerConfig-version.cmake
[30.058s] -- Installing: /home/booster/Workspace/Booster_T1_3v3_Demo/src/install/game_controller/share/game_controller/package.xml
[30.066s] Invoked command in '/home/booster/Workspace/Booster_T1_3v3_Demo/src/build/game_controller' returned '0': AMENT_PREFIX_PATH=/home/booster/Workspace/Booster_T1_3v3_Demo/src/install/game_controller_interface:${AMENT_PREFIX_PATH} CMAKE_PREFIX_PATH=/home/booster/Workspace/Booster_T1_3v3_Demo/src/install/game_controller_interface:/opt/ros/humble LD_LIBRARY_PATH=/home/booster/Workspace/Booster_T1_3v3_Demo/src/install/game_controller_interface/lib:/opt/ros/humble/opt/rviz_ogre_vendor/lib:/opt/ros/humble/lib/aarch64-linux-gnu:/opt/ros/humble/lib:/usr/local/cuda/lib64 PYTHONPATH=/home/booster/Workspace/Booster_T1_3v3_Demo/src/install/game_controller_interface/local/lib/python3.10/dist-packages:${PYTHONPATH} /usr/bin/cmake --install /home/booster/Workspace/Booster_T1_3v3_Demo/src/build/game_controller
